
Allocating common symbols
Common symbol       size              file

fs_envid            0x4               obj/kern/init.o
global_rules_shadow
                    0x630             obj/kern/libdwarf_frame.o
ismp                0x4               obj/kern/mpconfig.o
npages_basemem      0x8               obj/kern/pmap.o
rx_buff             0x20000           obj/kern/e1000.o
lapicaddr           0x8               obj/kern/lapic.o
end_debug           0x8               obj/kern/init.o
sched_cycle         0x8               obj/kern/sched.o
page_free_list      0x8               obj/kern/pmap.o
mydebug             0x60              obj/kern/kdebug.o
panicstr            0x8               obj/kern/init.o
boot_cr3            0x8               obj/kern/pmap.o
mpentry_kstack      0x8               obj/kern/init.o
tx_desc             0x400             obj/kern/e1000.o
cpus                0x3c0             obj/kern/mpconfig.o
global_std_op       0x200             obj/kern/libdwarf_lineno.o
lapic               0x8               obj/kern/lapic.o
bootcpu             0x8               obj/kern/mpconfig.o
g_locks             0x1a0             obj/kern/spinlock.o
e1000               0x8               obj/kern/e1000.o
_cie                0x78              obj/kern/kdebug.o
global_rules        0x630             obj/kern/libdwarf_frame.o
boot_pml4e          0x8               obj/kern/pmap.o
ncpu                0x4               obj/kern/mpconfig.o
tx_buff             0x20000           obj/kern/e1000.o
sched_recycle_flag  0x1               obj/kern/sched.o
_fde                0x80              obj/kern/kdebug.o
npages              0x8               obj/kern/pmap.o
rx_desc             0x400             obj/kern/e1000.o
pages               0x8               obj/kern/pmap.o
percpu_kstacks      0x80000           obj/kern/mpconfig.o

Discarded input sections

 .note.GNU-stack
                0x0000000000000000        0x0 obj/kern/init.o
 .note.GNU-stack
                0x0000000000000000        0x0 obj/kern/console.o
 .note.GNU-stack
                0x0000000000000000        0x0 obj/kern/monitor.o
 .note.GNU-stack
                0x0000000000000000        0x0 obj/kern/pmap.o
 .note.GNU-stack
                0x0000000000000000        0x0 obj/kern/env.o
 .note.GNU-stack
                0x0000000000000000        0x0 obj/kern/kclock.o
 .note.GNU-stack
                0x0000000000000000        0x0 obj/kern/picirq.o
 .note.GNU-stack
                0x0000000000000000        0x0 obj/kern/printf.o
 .note.GNU-stack
                0x0000000000000000        0x0 obj/kern/trap.o
 .note.GNU-stack
                0x0000000000000000        0x0 obj/kern/sched.o
 .note.GNU-stack
                0x0000000000000000        0x0 obj/kern/syscall.o
 .note.GNU-stack
                0x0000000000000000        0x0 obj/kern/kdebug.o
 .note.GNU-stack
                0x0000000000000000        0x0 obj/kern/printfmt.o
 .note.GNU-stack
                0x0000000000000000        0x0 obj/kern/readline.o
 .note.GNU-stack
                0x0000000000000000        0x0 obj/kern/string.o
 .note.GNU-stack
                0x0000000000000000        0x0 obj/kern/libdwarf_rw.o
 .note.GNU-stack
                0x0000000000000000        0x0 obj/kern/libdwarf_frame.o
 .note.GNU-stack
                0x0000000000000000        0x0 obj/kern/libdwarf_lineno.o
 .note.GNU-stack
                0x0000000000000000        0x0 obj/kern/elf_rw.o
 .note.GNU-stack
                0x0000000000000000        0x0 obj/kern/mmutils.o
 .note.GNU-stack
                0x0000000000000000        0x0 obj/kern/pmaputils.o
 .note.GNU-stack
                0x0000000000000000        0x0 obj/kern/disasm/disasm.o
 .note.GNU-stack
                0x0000000000000000        0x0 obj/kern/mpconfig.o
 .note.GNU-stack
                0x0000000000000000        0x0 obj/kern/lapic.o
 .note.GNU-stack
                0x0000000000000000        0x0 obj/kern/spinlock.o
 .note.GNU-stack
                0x0000000000000000        0x0 obj/kern/e1000.o
 .note.GNU-stack
                0x0000000000000000        0x0 obj/kern/pci.o
 .note.GNU-stack
                0x0000000000000000        0x0 obj/kern/time.o

Memory Configuration

Name             Origin             Length             Attributes
*default*        0x0000000000000000 0xffffffffffffffff

Linker script and memory map

                0x0000000000100000                . = 0x100000

.bootstrap      0x0000000000100000     0x7004
 obj/kern/bootstrap.o(.text .data .bss)
 .text          0x0000000000100000      0x115 obj/kern/bootstrap.o
                0x0000000000100000                _head64
                0x00000000001000e5                jumpto_longmode
 *fill*         0x0000000000100115      0xeeb 
 .data          0x0000000000101000     0x6004 obj/kern/bootstrap.o
                0x0000000000102000                pml4phys
                0x0000000000107000                multiboot_info
 .bss           0x0000000000107004        0x0 obj/kern/bootstrap.o
                0x0000008004200000                . = 0x8004200000

.text           0x0000008004200000    0x1e2e3 load address 0x0000000000200000
 *(EXCLUDE_FILE(obj/kern/bootstrap.o) .text .stub .text.* .gnu.linkonce.t.*)
 .text          0x0000008004200000       0x58 obj/kern/entry.o
                0x000000800420000c                entry
                0x000000000020000c                _start
 .text          0x0000008004200058      0x7c0 obj/kern/init.o
                0x000000800420010a                i386_init
                0x0000008004200529                mp_main
                0x00000080042005f4                _panic
                0x000000800420072b                _warn
 .text          0x0000008004200818      0xb7f obj/kern/console.o
                0x00000080042008a8                serial_intr
                0x000000800420111e                kbd_intr
                0x00000080042011f8                cons_getc
                0x00000080042012ec                cons_init
                0x0000008004201345                cputchar
                0x0000008004201363                getchar
                0x0000008004201385                iscons
 .text          0x0000008004201397      0x739 obj/kern/monitor.o
                0x0000008004201397                mon_help
                0x000000800420142e                mon_kerninfo
                0x00000080042015bc                mon_backtrace
                0x00000080042019e0                monitor
 .text          0x0000008004201ad0     0x5b93 obj/kern/pmap.o
                0x0000008004201c17                restrictive_type
                0x0000008004202594                x64_vm_init
                0x0000008004202b8a                page_init
                0x0000008004202d95                page_alloc
                0x0000008004202e34                page_free
                0x0000008004202ec6                page_decref
                0x0000008004202f23                pml4e_walk
                0x0000008004203135                pdpe_walk
                0x0000008004203347                pgdir_walk
                0x00000080042036df                page_insert
                0x000000800420382d                page_lookup
                0x00000080042038a2                page_remove
                0x0000008004203915                tlb_invalidate
                0x00000080042039e6                mmio_map_region
                0x0000008004203aeb                user_mem_check
                0x0000008004203c70                user_mem_assert
 .text          0x0000008004207663     0x15da obj/kern/env.o
                0x0000008004207839                envid2env
                0x00000080042079a3                env_init
                0x0000008004207b49                env_init_percpu
                0x0000008004207cb2                env_alloc
                0x0000008004208042                load_icode
                0x00000080042082c1                env_create
                0x0000008004208361                env_free
                0x0000008004208804                env_destroy
                0x0000008004208958                env_pop_tf
                0x0000008004208a40                env_run
 .text          0x0000008004208c3d       0x7c obj/kern/kclock.o
                0x0000008004208c3d                mc146818_read
                0x0000008004208c79                mc146818_write
 .text          0x0000008004208cb9      0x273 obj/kern/picirq.o
                0x0000008004208cb9                pic_init
                0x0000008004208e0b                irq_setmask_8259A
                0x0000008004208efc                irq_eoi
 .text          0x0000008004208f2c      0x2a3 obj/kern/printf.o
                0x0000008004209076                vcprintf
                0x00000080042090d5                cprintf
 .text          0x00000080042091cf     0x1a26 obj/kern/trap.o
                0x00000080042092e0                trap_init
                0x0000008004209647                trap_init_percpu
                0x0000008004209a12                print_trapframe
                0x0000008004209d2c                print_regs
                0x000000800420a25b                trap
                0x000000800420a586                page_fault_handler
                0x000000800420a91e                user_exception_handler
                0x000000800420ab71                trap_syscall
                0x000000800420ab78                ide_intr
 *fill*         0x000000800420abf5        0x1 
 .text          0x000000800420abf6      0x1fd obj/kern/trapentry.o
                0x000000800420abf6                __trap_divide
                0x000000800420ac00                __trap_debug
                0x000000800420ac0a                __trap_nmi
                0x000000800420ac14                __trap_brkpt
                0x000000800420ac1e                __trap_oflow
                0x000000800420ac28                __trap_bound
                0x000000800420ac32                __trap_illop
                0x000000800420ac3c                __trap_device
                0x000000800420ac46                __trap_dblflt
                0x000000800420ac4e                __trap_tss
                0x000000800420ac56                __trap_segnp
                0x000000800420ac5e                __trap_stack
                0x000000800420ac66                __trap_gpflt
                0x000000800420ac6e                __trap_pgflt
                0x000000800420ac76                __trap_fperr
                0x000000800420ac80                __trap_align
                0x000000800420ac88                __trap_mchk
                0x000000800420ac92                __trap_simderr
                0x000000800420ac9c                __trap_syscall
                0x000000800420aca6                __irq_timer
                0x000000800420acb0                __irq_kbd
                0x000000800420acba                __irq_serial
                0x000000800420acc4                __irq_spurious
                0x000000800420acce                __irq_ide
                0x000000800420acd8                __irq_error
                0x000000800420ace1                _alltraps
                0x000000800420adbf                syscall_handler
 .text          0x000000800420adf3      0x962 obj/kern/sched.o
                0x000000800420aea7                sched_fs_recycle
                0x000000800420af67                sched_init
                0x000000800420b05b                sched_enqueue
                0x000000800420b0e7                sched_dequeue
                0x000000800420b15e                sched_swapqueue
                0x000000800420b1a4                sched_free
                0x000000800420b331                sched_yield
                0x000000800420b515                sched_halt
 .text          0x000000800420b755     0x2251 obj/kern/syscall.o
                0x000000800420d5d9                syscall
 .text          0x000000800420d9a6      0xc33 obj/kern/kdebug.o
                0x000000800420d9a6                list_func_die
                0x000000800420e10c                debuginfo_rip
 .text          0x000000800420e5d9      0xc64 obj/kern/printfmt.o
                0x000000800420e8b4                vprintfmt
                0x000000800420efbf                printfmt
                0x000000800420f0bf                vsnprintf
                0x000000800420f15c                snprintf
 .text          0x000000800420f23d      0x155 obj/kern/readline.o
                0x000000800420f23d                readline
 .text          0x000000800420f392      0x7c5 obj/kern/string.o
                0x000000800420f392                strlen
                0x000000800420f3c0                strnlen
                0x000000800420f3fe                strcpy
                0x000000800420f441                strcat
                0x000000800420f490                strncpy
                0x000000800420f4f0                strlcpy
                0x000000800420f560                strcmp
                0x000000800420f5b3                strncmp
                0x000000800420f624                strchr
                0x000000800420f660                strfind
                0x000000800420f697                memset
                0x000000800420f722                memmove
                0x000000800420f839                memcpy
                0x000000800420f86d                memcmp
                0x000000800420f8e1                memfind
                0x000000800420f92a                strtol
                0x000000800420fabc                strstr
 .text          0x000000800420fb57     0x1f4d obj/kern/libdwarf_rw.o
                0x000000800420fb57                _dwarf_read_lsb
                0x000000800420fc83                _dwarf_decode_lsb
                0x000000800420fda4                _dwarf_read_msb
                0x000000800420ff56                _dwarf_decode_msb
                0x0000008004210105                _dwarf_read_sleb128
                0x00000080042101a9                _dwarf_read_uleb128
                0x0000008004210228                _dwarf_decode_sleb128
                0x00000080042102ba                _dwarf_decode_uleb128
                0x0000008004210327                _dwarf_read_string
                0x00000080042103b6                _dwarf_read_block
                0x00000080042103ff                _dwarf_elf_get_byte_order
                0x000000800421046d                _dwarf_elf_get_pointer_size
                0x00000080042104d7                _dwarf_init
                0x00000080042105b9                _get_next_cu
                0x0000008004210754                print_cu
                0x000000800421078b                _dwarf_abbrev_parse
                0x0000008004210a0e                _dwarf_abbrev_find
                0x0000008004210b3f                _dwarf_attr_init
                0x00000080042111d0                dwarf_search_die_within_cu
                0x00000080042114c9                dwarf_offdie
                0x00000080042115cc                _dwarf_attr_find
                0x000000800421165f                dwarf_siblingof
                0x00000080042118a3                dwarf_child
                0x0000008004211a47                _dwarf_find_section_enhanced
 .text          0x0000008004211aa4     0x254f obj/kern/libdwarf_frame.o
                0x0000008004211aa4                _dwarf_frame_params_init
                0x0000008004211ae4                dwarf_get_fde_at_pc
                0x0000008004211bb6                _dwarf_frame_regtable_copy
                0x0000008004212b63                _dwarf_frame_get_internal_table
                0x0000008004212df0                dwarf_get_fde_info_for_all_regs
                0x0000008004213c8d                _dwarf_frame_interal_table_init
                0x0000008004213f1b                dwarf_set_frame_cfa_value
                0x0000008004213f4b                dwarf_init_eh_section
 .text          0x0000008004213ff3      0xd4b obj/kern/libdwarf_lineno.o
                0x000000800421464f                _dwarf_lineno_init
                0x0000008004214bc3                dwarf_srclines
 .text          0x0000008004214d3e      0xd12 obj/kern/elf_rw.o
                0x0000008004214d3e                _dwarf_find_section
                0x0000008004214dbe                find_debug_sections
                0x0000008004215087                read_section_headers
                0x00000080042157c6                readseg
                0x000000800421592a                waitdisk
                0x0000008004215956                readsect
 .text          0x0000008004215a50     0x28e1 obj/kern/mmutils.o
                0x0000008004215a50                mm_getdec
                0x0000008004215aba                mm_gethex
                0x0000008004215b71                mm_printmap
                0x0000008004215d5b                mm_pinfo
                0x0000008004216218                mm_showmaps
                0x0000008004216370                mm_setmap
                0x00000080042164b0                mm_dumpmem
                0x000000800421661c                mm_binfo
                0x000000800421674a                mm_bmalloc
                0x000000800421683e                mm_bfree
                0x0000008004216886                mm_bsplit
                0x0000008004216a77                mm_bcoalesce
                0x0000008004216aef                mm_einfo
                0x0000008004216fcd                mon_mm_pinfo
                0x0000008004216ff3                mon_mm_showmaps
                0x0000008004217186                mon_mm_setmap
                0x00000080042178e9                mon_mm_dumpmem
                0x0000008004217bd7                mon_mm_binfo
                0x0000008004217c02                mon_mm_bmalloc
                0x0000008004217c8c                mon_mm_bfree
                0x0000008004217d5c                mon_mm_bsplit
                0x0000008004217e56                mon_mm_bcoalesce
                0x0000008004218011                mon_mm_einfo
                0x000000800421803c                mon_mm_fputest
                0x000000800421807b                mon_mm_snapshottest
                0x00000080042180ba                mon_mm_ehandlertest
                0x00000080042180f9                mon_mm_forktest
                0x0000008004218138                mon_mm_schedtest
                0x00000080042181b7                mon_mm_matrixtest
                0x00000080042181f6                mon_mm_powerseriestest
                0x0000008004218235                mon_mm_ipctest
                0x0000008004218274                mon_mm_idetest
                0x00000080042182b3                mon_mm_linktest
                0x00000080042182f2                mon_mm_exectest
 .text          0x0000008004218331     0x37d8 obj/kern/pmaputils.o
                0x0000008004218407                page_contiguous_block
                0x0000008004218529                page_contiguous_alloc
                0x00000080042185f8                page_incref
                0x0000008004218648                page_free_list_reorder
                0x000000800421886c                page_update
                0x0000008004218a19                b_malloc
                0x0000008004218ba1                b_free
                0x0000008004218d1e                b_split
                0x0000008004219071                b_coalesce
                0x0000008004219486                bi_init
                0x00000080042194e6                bi_lookup
                0x0000008004219531                bi_insert
                0x0000008004219658                bi_delete
                0x00000080042197ad                bi_block
                0x0000008004219886                check_b_utils
 .text          0x000000800421bb09       0xbe obj/kern/disasm/disasm.o
                0x000000800421bb09                disasm_s
                0x000000800421bb68                disasm_c
 *fill*         0x000000800421bbc7        0x1 
 .text          0x000000800421bbc8       0xe7 obj/kern/mpentry.o
                0x000000800421bbc8                mpentry_start
                0x000000800421bcae                mpentry_end
 .text          0x000000800421bcaf      0x7d5 obj/kern/mpconfig.o
                0x000000800421c185                mp_init
 .text          0x000000800421c484      0x473 obj/kern/lapic.o
                0x000000800421c4c6                lapic_init
                0x000000800421c6bd                cpunum
                0x000000800421c6f2                lapic_eoi
                0x000000800421c72d                lapic_startap
                0x000000800421c8b0                lapic_ipi
 .text          0x000000800421c8f7      0x472 obj/kern/spinlock.o
                0x000000800421ca14                __spin_initlock
                0x000000800421ca48                spin_lock
                0x000000800421cb1f                spin_unlock
 .text          0x000000800421cd69      0x9dd obj/kern/e1000.o
                0x000000800421cd69                e1000_pci_attach
                0x000000800421d400                e1000_transmit
                0x000000800421d581                e1000_receive
 .text          0x000000800421d746      0xafa obj/kern/pci.o
                0x000000800421df83                pci_func_enable
                0x000000800421e204                pci_init
 .text          0x000000800421e240       0xa3 obj/kern/time.o
                0x000000800421e240                time_init
                0x000000800421e256                time_tick
                0x000000800421e2c8                time_msec
                0x000000800421e2e3                PROVIDE (etext, .)

.iplt           0x000000800421e2f0        0x0 load address 0x000000000021e2f0
 .iplt          0x0000000000000000        0x0 obj/kern/bootstrap.o

.rodata         0x000000800421e300     0x511e load address 0x000000000021e300
 *(EXCLUDE_FILE(obj/kern/bootstrap.o) .rodata .rodata.* .gnu.linkonce.r.*)
 .rodata        0x000000800421e300       0xce obj/kern/init.o
 .rodata        0x000000800421e3ce       0x29 obj/kern/console.o
 *fill*         0x000000800421e3f7        0x1 
 .rodata        0x000000800421e3f8      0x63c obj/kern/monitor.o
 *fill*         0x000000800421ea34        0x4 
 .rodata        0x000000800421ea38      0xec4 obj/kern/pmap.o
 *fill*         0x000000800421f8fc        0x4 
 .rodata        0x000000800421f900       0x94 obj/kern/env.o
 .rodata        0x000000800421f994       0x1a obj/kern/picirq.o
 *fill*         0x000000800421f9ae       0x12 
 .rodata        0x000000800421f9c0      0x4a0 obj/kern/trap.o
 .rodata        0x000000800421fe60       0x94 obj/kern/sched.o
 *fill*         0x000000800421fef4        0x4 
 .rodata        0x000000800421fef8      0x118 obj/kern/syscall.o
 *fill*         0x0000008004220010       0x10 
 .rodata        0x0000008004220020      0x378 obj/kern/kdebug.o
 *fill*         0x0000008004220398        0x8 
 .rodata        0x00000080042203a0      0x4a8 obj/kern/printfmt.o
 .rodata        0x0000008004220848       0x13 obj/kern/readline.o
 *fill*         0x000000800422085b        0x5 
 .rodata        0x0000008004220860      0x1ab obj/kern/libdwarf_rw.o
 *fill*         0x0000008004220a0b        0x5 
 .rodata        0x0000008004220a10      0x1d8 obj/kern/libdwarf_frame.o
 .rodata        0x0000008004220be8       0xc3 obj/kern/libdwarf_lineno.o
 .rodata        0x0000008004220cab       0xa4 obj/kern/elf_rw.o
 *fill*         0x0000008004220d4f        0x1 
 .rodata        0x0000008004220d50      0xdb2 obj/kern/mmutils.o
 *fill*         0x0000008004221b02        0x6 
 .rodata        0x0000008004221b08     0x12a2 obj/kern/pmaputils.o
 *fill*         0x0000008004222daa        0x6 
 .rodata        0x0000008004222db0       0x3f obj/kern/disasm/disasm.o
 *fill*         0x0000008004222def        0x1 
 .rodata        0x0000008004222df0      0x1f9 obj/kern/mpconfig.o
 *fill*         0x0000008004222fe9        0x7 
 .rodata        0x0000008004222ff0       0x30 obj/kern/lapic.o
 .rodata        0x0000008004223020       0xf1 obj/kern/spinlock.o
 *fill*         0x0000008004223111        0x7 
 .rodata        0x0000008004223118       0x54 obj/kern/e1000.o
 *fill*         0x000000800422316c        0x4 
 .rodata        0x0000008004223170      0x287 obj/kern/pci.o
 .rodata        0x00000080042233f7       0x27 obj/kern/time.o

.eh_frame       0x0000008004223420     0x27e8 load address 0x0000000000223420
 .eh_frame      0x0000008004223420       0xf8 obj/kern/init.o
                                         0xf0 (size before relaxing)
 .eh_frame      0x0000008004223518      0x240 obj/kern/console.o
                                        0x258 (size before relaxing)
 .eh_frame      0x0000008004223758       0xa0 obj/kern/monitor.o
                                         0xb8 (size before relaxing)
 .eh_frame      0x00000080042237f8      0x428 obj/kern/pmap.o
                                        0x438 (size before relaxing)
 .eh_frame      0x0000008004223c20      0x238 obj/kern/env.o
                                        0x248 (size before relaxing)
 .eh_frame      0x0000008004223e58       0x40 obj/kern/kclock.o
                                         0x58 (size before relaxing)
 .eh_frame      0x0000008004223e98       0x60 obj/kern/picirq.o
                                         0x78 (size before relaxing)
 .eh_frame      0x0000008004223ef8       0xa0 obj/kern/printf.o
                                         0xb8 (size before relaxing)
 .eh_frame      0x0000008004223f98      0x1b0 obj/kern/trap.o
                                        0x1c0 (size before relaxing)
 .eh_frame      0x0000008004224148      0x140 obj/kern/sched.o
                                        0x158 (size before relaxing)
 .eh_frame      0x0000008004224288      0x470 obj/kern/syscall.o
                                        0x478 (size before relaxing)
 .eh_frame      0x00000080042246f8       0x48 obj/kern/kdebug.o
                                         0x60 (size before relaxing)
 .eh_frame      0x0000008004224740      0x118 obj/kern/printfmt.o
                                        0x128 (size before relaxing)
 .eh_frame      0x0000008004224858       0x20 obj/kern/readline.o
                                         0x38 (size before relaxing)
 .eh_frame      0x0000008004224878      0x220 obj/kern/string.o
                                        0x238 (size before relaxing)
 .eh_frame      0x0000008004224a98      0x308 obj/kern/libdwarf_rw.o
                                        0x320 (size before relaxing)
 .eh_frame      0x0000008004224da0      0x1d0 obj/kern/libdwarf_frame.o
                                        0x1e8 (size before relaxing)
 .eh_frame      0x0000008004224f70       0x98 obj/kern/libdwarf_lineno.o
                                         0xb0 (size before relaxing)
 .eh_frame      0x0000008004225008       0xc0 obj/kern/elf_rw.o
                                         0xd8 (size before relaxing)
 .eh_frame      0x00000080042250c8      0x448 obj/kern/mmutils.o
                                        0x438 (size before relaxing)
 .eh_frame      0x0000008004225510      0x250 obj/kern/pmaputils.o
                                        0x268 (size before relaxing)
 .eh_frame      0x0000008004225760       0x40 obj/kern/disasm/disasm.o
                                         0x58 (size before relaxing)
 .eh_frame      0x00000080042257a0       0xa8 obj/kern/mpconfig.o
                                         0xc0 (size before relaxing)
 .eh_frame      0x0000008004225848       0xe0 obj/kern/lapic.o
                                         0xf8 (size before relaxing)
 .eh_frame      0x0000008004225928       0xe0 obj/kern/spinlock.o
                                         0xf0 (size before relaxing)
 .eh_frame      0x0000008004225a08       0x60 obj/kern/e1000.o
                                         0x78 (size before relaxing)
 .eh_frame      0x0000008004225a68      0x140 obj/kern/pci.o
                                        0x158 (size before relaxing)
 .eh_frame      0x0000008004225ba8       0x60 obj/kern/time.o
                                         0x78 (size before relaxing)

.rela.dyn       0x0000008004225c08        0x0 load address 0x0000000000225c08
 .rela.iplt     0x0000000000000000        0x0 obj/kern/bootstrap.o
 .rela.text     0x0000000000000000        0x0 obj/kern/bootstrap.o
 .rela.data     0x0000000000000000        0x0 obj/kern/bootstrap.o
                0x0000008004226000                . = ALIGN (0x1000)

.data           0x0000008004226000   0x55d55b load address 0x0000000000226000
 *(EXCLUDE_FILE(obj/kern/bootstrap.o) .data)
 .data          0x0000008004226000    0x10042 obj/kern/entry.o
                0x0000008004226000                bootstack
                0x0000008004236000                kernel_64
                0x0000008004236000                bootstacktop
                0x0000008004236038                gdtdesc_64
 .data          0x0000008004236042        0x0 obj/kern/init.o
 *fill*         0x0000008004236042       0x1e 
 .data          0x0000008004236060      0x520 obj/kern/console.o
 .data          0x0000008004236580      0x270 obj/kern/monitor.o
 .data          0x00000080042367f0       0x18 obj/kern/pmap.o
                0x00000080042367f0                pte_ps_flag
                0x00000080042367f4                c_block_flag
                0x00000080042367f8                ptr_boot_alloc
 *fill*         0x0000008004236808       0x18 
 .data          0x0000008004236820       0xb2 obj/kern/env.o
                0x0000008004236820                gdt
                0x00000080042368c8                gdt_pd
 .data          0x00000080042368d2        0x0 obj/kern/kclock.o
 .data          0x00000080042368d2        0x2 obj/kern/picirq.o
                0x00000080042368d2                irq_mask_8259A
 .data          0x00000080042368d4        0x0 obj/kern/printf.o
 .data          0x00000080042368d4        0x0 obj/kern/trap.o
 .data          0x00000080042368d4      0x340 obj/kern/trapentry.o
                0x00000080042368d4                entry_array
 .data          0x0000008004236c14        0x0 obj/kern/sched.o
 .data          0x0000008004236c14        0x0 obj/kern/syscall.o
 *fill*         0x0000008004236c14        0x4 
 .data          0x0000008004236c18       0x18 obj/kern/kdebug.o
                0x0000008004236c18                fde
                0x0000008004236c20                cie
                0x0000008004236c28                dbg
 .data          0x0000008004236c30        0x4 obj/kern/printfmt.o
                0x0000008004236c30                color_flag
 .data          0x0000008004236c34        0x0 obj/kern/readline.o
 .data          0x0000008004236c34        0x0 obj/kern/string.o
 .data          0x0000008004236c34        0x0 obj/kern/libdwarf_rw.o
 *fill*         0x0000008004236c34        0xc 
 .data          0x0000008004236c40       0x20 obj/kern/libdwarf_frame.o
                0x0000008004236c40                debug_frame_sec
 .data          0x0000008004236c60        0x0 obj/kern/libdwarf_lineno.o
 .data          0x0000008004236c60       0xa0 obj/kern/elf_rw.o
                0x0000008004236c60                section_info
 .data          0x0000008004236d00        0x0 obj/kern/mmutils.o
 .data          0x0000008004236d00        0x4 obj/kern/pmaputils.o
                0x0000008004236d00                b_ring
 *fill*         0x0000008004236d04        0x4 
 .data          0x0000008004236d08        0x8 obj/kern/disasm/disasm.o
 .data          0x0000008004236d10        0x0 obj/kern/mpentry.o
 .data          0x0000008004236d10        0x0 obj/kern/mpconfig.o
 .data          0x0000008004236d10        0x0 obj/kern/lapic.o
 *fill*         0x0000008004236d10       0x10 
 .data          0x0000008004236d20       0x68 obj/kern/spinlock.o
                0x0000008004236d20                kernel_lock
 .data          0x0000008004236d88        0x0 obj/kern/e1000.o
 *fill*         0x0000008004236d88       0x18 
 .data          0x0000008004236da0       0x98 obj/kern/pci.o
                0x0000008004236dc0                pci_attach_class
                0x0000008004236de0                pci_attach_vendor
 .data          0x0000008004236e38        0x0 obj/kern/time.o
 .data          0x0000008004236e38    0x169c8 obj/user/hello
                0x0000008004236e38                _binary_obj_user_hello_start
                0x000000800424d800                _binary_obj_user_hello_end
 .data          0x000000800424d800    0x1646f obj/user/idle
                0x000000800424d800                _binary_obj_user_idle_start
                0x0000008004263c6f                _binary_obj_user_idle_end
 .data          0x0000008004263c6f    0x16a08 obj/user/yield
                0x0000008004263c6f                _binary_obj_user_yield_start
                0x000000800427a677                _binary_obj_user_yield_end
 .data          0x000000800427a677    0x16ed0 obj/user/dumbfork
                0x000000800427a677                _binary_obj_user_dumbfork_start
                0x0000008004291547                _binary_obj_user_dumbfork_end
 .data          0x0000008004291547    0x190cf obj/user/stresssched
                0x0000008004291547                _binary_obj_user_stresssched_start
                0x00000080042aa616                _binary_obj_user_stresssched_end
 .data          0x00000080042aa616    0x16cb2 obj/user/faultdie
                0x00000080042aa616                _binary_obj_user_faultdie_start
                0x00000080042c12c8                _binary_obj_user_faultdie_end
 .data          0x00000080042c12c8    0x17fba obj/user/faultregs
                0x00000080042c12c8                _binary_obj_user_faultregs_start
                0x00000080042d9282                _binary_obj_user_faultregs_end
 .data          0x00000080042d9282    0x16cd4 obj/user/faultalloc
                0x00000080042d9282                _binary_obj_user_faultalloc_start
                0x00000080042eff56                _binary_obj_user_faultalloc_end
 .data          0x00000080042eff56    0x16cdf obj/user/faultallocbad
                0x00000080042eff56                _binary_obj_user_faultallocbad_start
                0x0000008004306c35                _binary_obj_user_faultallocbad_end
 .data          0x0000008004306c35    0x16a0e obj/user/faultnostack
                0x0000008004306c35                _binary_obj_user_faultnostack_start
                0x000000800431d643                _binary_obj_user_faultnostack_end
 .data          0x000000800431d643    0x16462 obj/user/faultbadhandler
                0x000000800431d643                _binary_obj_user_faultbadhandler_start
                0x0000008004333aa5                _binary_obj_user_faultbadhandler_end
 .data          0x0000008004333aa5    0x16463 obj/user/faultevilhandler
                0x0000008004333aa5                _binary_obj_user_faultevilhandler_start
                0x0000008004349f08                _binary_obj_user_faultevilhandler_end
 .data          0x0000008004349f08    0x18be7 obj/user/forktree
                0x0000008004349f08                _binary_obj_user_forktree_start
                0x0000008004362aef                _binary_obj_user_forktree_end
 .data          0x0000008004362aef    0x1903e obj/user/sendpage
                0x0000008004362aef                _binary_obj_user_sendpage_start
                0x000000800437bb2d                _binary_obj_user_sendpage_end
 .data          0x000000800437bb2d    0x18a50 obj/user/spin
                0x000000800437bb2d                _binary_obj_user_spin_start
                0x000000800439457d                _binary_obj_user_spin_end
 .data          0x000000800439457d    0x16a2b obj/user/fairness
                0x000000800439457d                _binary_obj_user_fairness_start
                0x00000080043aafa8                _binary_obj_user_fairness_end
 .data          0x00000080043aafa8    0x18a8c obj/user/pingpong
                0x00000080043aafa8                _binary_obj_user_pingpong_start
                0x00000080043c3a34                _binary_obj_user_pingpong_end
 .data          0x00000080043c3a34    0x18ff9 obj/user/pingpongs
                0x00000080043c3a34                _binary_obj_user_pingpongs_start
                0x00000080043dca2d                _binary_obj_user_pingpongs_end
 .data          0x00000080043dca2d    0x190b4 obj/user/primes
                0x00000080043dca2d                _binary_obj_user_primes_start
                0x00000080043f5ae1                _binary_obj_user_primes_end
 .data          0x00000080043f5ae1    0x17dc5 obj/user/testfile
                0x00000080043f5ae1                _binary_obj_user_testfile_start
                0x000000800440d8a6                _binary_obj_user_testfile_end
 .data          0x000000800440d8a6    0x16504 obj/user/writemotd
                0x000000800440d8a6                _binary_obj_user_writemotd_start
                0x0000008004423daa                _binary_obj_user_writemotd_end
 .data          0x0000008004423daa    0x19003 obj/user/spawnhello
                0x0000008004423daa                _binary_obj_user_spawnhello_start
                0x000000800443cdad                _binary_obj_user_spawnhello_end
 .data          0x000000800443cdad    0x18b16 obj/user/icode
                0x000000800443cdad                _binary_obj_user_icode_start
                0x00000080044558c3                _binary_obj_user_icode_end
 .data          0x00000080044558c3    0x28a94 obj/fs/fs
                0x00000080044558c3                _binary_obj_fs_fs_start
                0x000000800447e357                _binary_obj_fs_fs_end
 .data          0x000000800447e357    0x16681 obj/user/testtime
                0x000000800447e357                _binary_obj_user_testtime_start
                0x00000080044949d8                _binary_obj_user_testtime_end
 .data          0x00000080044949d8    0x1a821 obj/user/httpd
                0x00000080044949d8                _binary_obj_user_httpd_start
                0x00000080044af1f9                _binary_obj_user_httpd_end
 .data          0x00000080044af1f9    0x183aa obj/user/echosrv
                0x00000080044af1f9                _binary_obj_user_echosrv_start
                0x00000080044c75a3                _binary_obj_user_echosrv_end
 .data          0x00000080044c75a3    0x182e9 obj/user/echotest
                0x00000080044c75a3                _binary_obj_user_echotest_start
                0x00000080044df88c                _binary_obj_user_echotest_end
 .data          0x00000080044df88c    0x1a3bb obj/net/testoutput
                0x00000080044df88c                _binary_obj_net_testoutput_start
                0x00000080044f9c47                _binary_obj_net_testoutput_end
 .data          0x00000080044f9c47    0x1c3fd obj/net/testinput
                0x00000080044f9c47                _binary_obj_net_testinput_start
                0x0000008004516044                _binary_obj_net_testinput_end
 .data          0x0000008004516044    0x65bbd obj/net/ns
                0x0000008004516044                _binary_obj_net_ns_start
                0x000000800457bc01                _binary_obj_net_ns_end
 .data          0x000000800457bc01    0x1ba10 obj/user/testpteshare
                0x000000800457bc01                _binary_obj_user_testpteshare_start
                0x0000008004597611                _binary_obj_user_testpteshare_end
 .data          0x0000008004597611    0x193be obj/user/testfdsharing
                0x0000008004597611                _binary_obj_user_testfdsharing_start
                0x00000080045b09cf                _binary_obj_user_testfdsharing_end
 .data          0x00000080045b09cf    0x198d4 obj/user/testpipe
                0x00000080045b09cf                _binary_obj_user_testpipe_start
                0x00000080045ca2a3                _binary_obj_user_testpipe_end
 .data          0x00000080045ca2a3    0x19188 obj/user/testpiperace
                0x00000080045ca2a3                _binary_obj_user_testpiperace_start
                0x00000080045e342b                _binary_obj_user_testpiperace_end
 .data          0x00000080045e342b    0x19159 obj/user/testpiperace2
                0x00000080045e342b                _binary_obj_user_testpiperace2_start
                0x00000080045fc584                _binary_obj_user_testpiperace2_end
 .data          0x00000080045fc584    0x18c00 obj/user/primespipe
                0x00000080045fc584                _binary_obj_user_primespipe_start
                0x0000008004615184                _binary_obj_user_primespipe_end
 .data          0x0000008004615184    0x170c5 obj/user/testkbd
                0x0000008004615184                _binary_obj_user_testkbd_start
                0x000000800462c249                _binary_obj_user_testkbd_end
 .data          0x000000800462c249    0x1baad obj/user/testshell
                0x000000800462c249                _binary_obj_user_testshell_start
                0x0000008004647cf6                _binary_obj_user_testshell_end
 .data          0x0000008004647cf6    0x170a8 obj/user/fputest
                0x0000008004647cf6                _binary_obj_user_fputest_start
                0x000000800465ed9e                _binary_obj_user_fputest_end
 .data          0x000000800465ed9e    0x19038 obj/user/snapshottest
                0x000000800465ed9e                _binary_obj_user_snapshottest_start
                0x0000008004677dd6                _binary_obj_user_snapshottest_end
 .data          0x0000008004677dd6    0x18e93 obj/user/ehandlertest
                0x0000008004677dd6                _binary_obj_user_ehandlertest_start
                0x0000008004690c69                _binary_obj_user_ehandlertest_end
 .data          0x0000008004690c69    0x19459 obj/user/forktest
                0x0000008004690c69                _binary_obj_user_forktest_start
                0x00000080046aa0c2                _binary_obj_user_forktest_end
 .data          0x00000080046aa0c2    0x16479 obj/user/printa
                0x00000080046aa0c2                _binary_obj_user_printa_start
                0x00000080046c053b                _binary_obj_user_printa_end
 .data          0x00000080046c053b    0x16479 obj/user/printb
                0x00000080046c053b                _binary_obj_user_printb_start
                0x00000080046d69b4                _binary_obj_user_printb_end
 .data          0x00000080046d69b4    0x16479 obj/user/printd
                0x00000080046d69b4                _binary_obj_user_printd_start
                0x00000080046ece2d                _binary_obj_user_printd_end
 .data          0x00000080046ece2d    0x18f10 obj/user/matrix
                0x00000080046ece2d                _binary_obj_user_matrix_start
                0x0000008004705d3d                _binary_obj_user_matrix_end
 .data          0x0000008004705d3d    0x1bbf1 obj/user/powerseries
                0x0000008004705d3d                _binary_obj_user_powerseries_start
                0x000000800472192e                _binary_obj_user_powerseries_end
 .data          0x000000800472192e    0x18ad3 obj/user/ipctest
                0x000000800472192e                _binary_obj_user_ipctest_start
                0x000000800473a401                _binary_obj_user_ipctest_end
 .data          0x000000800473a401    0x193a8 obj/user/idetest
                0x000000800473a401                _binary_obj_user_idetest_start
                0x00000080047537a9                _binary_obj_user_idetest_end
 .data          0x00000080047537a9    0x1766e obj/user/linktest
                0x00000080047537a9                _binary_obj_user_linktest_start
                0x000000800476ae17                _binary_obj_user_linktest_end
 .data          0x000000800476ae17    0x18744 obj/user/exectest
                0x000000800476ae17                _binary_obj_user_exectest_start
                0x000000800478355b                _binary_obj_user_exectest_end
                0x000000800478355b                PROVIDE (edata, .)

.igot.plt       0x0000008004783560        0x0 load address 0x0000000000783560
 .igot.plt      0x0000000000000000        0x0 obj/kern/bootstrap.o

.bss            0x0000008004784000    0xc49e0 load address 0x0000000000784000
 *(EXCLUDE_FILE(obj/kern/bootstrap.o) .bss)
 .bss           0x0000008004784000        0x0 obj/kern/entry.o
 .bss           0x0000008004784000        0x0 obj/kern/init.o
 .bss           0x0000008004784000      0x22c obj/kern/console.o
 .bss           0x000000800478422c        0x0 obj/kern/monitor.o
 *fill*         0x000000800478422c        0x4 
 .bss           0x0000008004784230       0x20 obj/kern/pmap.o
                0x0000008004784230                boot_bis
                0x0000008004784238                schedqueue
 .bss           0x0000008004784250       0x10 obj/kern/env.o
                0x0000008004784250                envs
 .bss           0x0000008004784260        0x0 obj/kern/kclock.o
 .bss           0x0000008004784260        0x1 obj/kern/picirq.o
 .bss           0x0000008004784261        0x0 obj/kern/printf.o
 *fill*         0x0000008004784261       0x1f 
 .bss           0x0000008004784280     0x1090 obj/kern/trap.o
                0x0000008004784280                idt
                0x0000008004785280                idt_pd
 .bss           0x0000008004785310        0x0 obj/kern/trapentry.o
 .bss           0x0000008004785310       0x10 obj/kern/sched.o
                0x0000008004785310                sched_act_queue
                0x0000008004785318                sched_exp_queue
 .bss           0x0000008004785320        0x0 obj/kern/syscall.o
 .bss           0x0000008004785320        0x8 obj/kern/kdebug.o
 .bss           0x0000008004785328        0x4 obj/kern/printfmt.o
                0x0000008004785328                color_parsing
 *fill*         0x000000800478532c       0x14 
 .bss           0x0000008004785340      0x400 obj/kern/readline.o
 .bss           0x0000008004785740        0x0 obj/kern/string.o
 .bss           0x0000008004785740        0x0 obj/kern/libdwarf_rw.o
 .bss           0x0000008004785740       0x68 obj/kern/libdwarf_frame.o
                0x0000008004785740                global_rt_table
                0x0000008004785780                global_rt_table_shadow
 .bss           0x00000080047857a8        0x0 obj/kern/libdwarf_lineno.o
 .bss           0x00000080047857a8        0x0 obj/kern/elf_rw.o
 .bss           0x00000080047857a8        0x0 obj/kern/mmutils.o
 .bss           0x00000080047857a8       0x10 obj/kern/pmaputils.o
                0x00000080047857a8                bis
                0x00000080047857b0                bis_end
 .bss           0x00000080047857b8       0x18 obj/kern/disasm/disasm.o
 .bss           0x00000080047857d0        0x0 obj/kern/mpentry.o
 .bss           0x00000080047857d0        0x0 obj/kern/mpconfig.o
 .bss           0x00000080047857d0        0x0 obj/kern/lapic.o
 .bss           0x00000080047857d0        0x0 obj/kern/spinlock.o
 .bss           0x00000080047857d0        0x0 obj/kern/e1000.o
 .bss           0x00000080047857d0       0x20 obj/kern/pci.o
 .bss           0x00000080047857f0        0x4 obj/kern/time.o
 *fill*         0x00000080047857f4        0x4 
 COMMON         0x00000080047857f8       0x20 obj/kern/init.o
                0x00000080047857f8                fs_envid
                0x0000008004785800                end_debug
                0x0000008004785808                panicstr
                0x0000008004785810                mpentry_kstack
 COMMON         0x0000008004785818       0x30 obj/kern/pmap.o
                0x0000008004785818                npages_basemem
                0x0000008004785820                page_free_list
                0x0000008004785828                boot_cr3
                0x0000008004785830                boot_pml4e
                0x0000008004785838                npages
                0x0000008004785840                pages
 COMMON         0x0000008004785848        0x9 obj/kern/sched.o
                0x0000008004785848                sched_cycle
                0x0000008004785850                sched_recycle_flag
 *fill*         0x0000008004785851        0xf 
 COMMON         0x0000008004785860      0x160 obj/kern/kdebug.o
                0x0000008004785860                mydebug
                0x00000080047858c0                _cie
                0x0000008004785940                _fde
 COMMON         0x00000080047859c0      0xc70 obj/kern/libdwarf_frame.o
                0x00000080047859c0                global_rules_shadow
                0x0000008004786000                global_rules
 *fill*         0x0000008004786630       0x10 
 COMMON         0x0000008004786640      0x200 obj/kern/libdwarf_lineno.o
                0x0000008004786640                global_std_op
 *fill*         0x0000008004786840      0x7c0 
 COMMON         0x0000008004787000    0x81000 obj/kern/mpconfig.o
                0x0000008004787000                ismp
                0x0000008004787020                cpus
                0x00000080047873e0                bootcpu
                0x00000080047873e8                ncpu
                0x0000008004788000                percpu_kstacks
 COMMON         0x0000008004808000       0x10 obj/kern/lapic.o
                0x0000008004808000                lapicaddr
                0x0000008004808008                lapic
 *fill*         0x0000008004808010       0x10 
 COMMON         0x0000008004808020      0x1a0 obj/kern/spinlock.o
                0x0000008004808020                g_locks
 COMMON         0x00000080048081c0    0x40820 obj/kern/e1000.o
                0x00000080048081c0                rx_buff
                0x00000080048281c0                tx_desc
                0x00000080048285c0                e1000
                0x00000080048285e0                tx_buff
                0x00000080048485e0                rx_desc
                0x00000080048489e0                PROVIDE (end, .)

.debug
 *(.debug)

.line
 *(.line)

.debug_srcinfo
 *(.debug_srcinfo)

.debug_sfnames
 *(.debug_sfnames)

.debug_aranges  0x0000000000000000      0x600
 *(.debug_aranges)
 .debug_aranges
                0x0000000000000000       0x30 obj/kern/bootstrap.o
 .debug_aranges
                0x0000000000000030       0x30 obj/kern/entry.o
 .debug_aranges
                0x0000000000000060       0x30 obj/kern/init.o
 .debug_aranges
                0x0000000000000090       0x30 obj/kern/console.o
 .debug_aranges
                0x00000000000000c0       0x30 obj/kern/monitor.o
 .debug_aranges
                0x00000000000000f0       0x30 obj/kern/pmap.o
 .debug_aranges
                0x0000000000000120       0x30 obj/kern/env.o
 .debug_aranges
                0x0000000000000150       0x30 obj/kern/kclock.o
 .debug_aranges
                0x0000000000000180       0x30 obj/kern/picirq.o
 .debug_aranges
                0x00000000000001b0       0x30 obj/kern/printf.o
 .debug_aranges
                0x00000000000001e0       0x30 obj/kern/trap.o
 .debug_aranges
                0x0000000000000210       0x30 obj/kern/trapentry.o
 .debug_aranges
                0x0000000000000240       0x30 obj/kern/sched.o
 .debug_aranges
                0x0000000000000270       0x30 obj/kern/syscall.o
 .debug_aranges
                0x00000000000002a0       0x30 obj/kern/kdebug.o
 .debug_aranges
                0x00000000000002d0       0x30 obj/kern/printfmt.o
 .debug_aranges
                0x0000000000000300       0x30 obj/kern/readline.o
 .debug_aranges
                0x0000000000000330       0x30 obj/kern/string.o
 .debug_aranges
                0x0000000000000360       0x30 obj/kern/libdwarf_rw.o
 .debug_aranges
                0x0000000000000390       0x30 obj/kern/libdwarf_frame.o
 .debug_aranges
                0x00000000000003c0       0x30 obj/kern/libdwarf_lineno.o
 .debug_aranges
                0x00000000000003f0       0x30 obj/kern/elf_rw.o
 .debug_aranges
                0x0000000000000420       0x30 obj/kern/mmutils.o
 .debug_aranges
                0x0000000000000450       0x30 obj/kern/pmaputils.o
 .debug_aranges
                0x0000000000000480       0x30 obj/kern/disasm/disasm.o
 .debug_aranges
                0x00000000000004b0       0x30 obj/kern/mpentry.o
 .debug_aranges
                0x00000000000004e0       0x30 obj/kern/mpconfig.o
 .debug_aranges
                0x0000000000000510       0x30 obj/kern/lapic.o
 .debug_aranges
                0x0000000000000540       0x30 obj/kern/spinlock.o
 .debug_aranges
                0x0000000000000570       0x30 obj/kern/e1000.o
 .debug_aranges
                0x00000000000005a0       0x30 obj/kern/pci.o
 .debug_aranges
                0x00000000000005d0       0x30 obj/kern/time.o

.debug_pubnames
 *(.debug_pubnames)

.debug_info     0x0000000000000000    0x148ed
 *(.debug_info .gnu.linkonce.wi.*)
 .debug_info    0x0000000000000000       0x59 obj/kern/bootstrap.o
 .debug_info    0x0000000000000059       0x55 obj/kern/entry.o
 .debug_info    0x00000000000000ae      0xbdd obj/kern/init.o
 .debug_info    0x0000000000000c8b      0xcc0 obj/kern/console.o
 .debug_info    0x000000000000194b      0x7f3 obj/kern/monitor.o
 .debug_info    0x000000000000213e     0x22f4 obj/kern/pmap.o
 .debug_info    0x0000000000004432     0x127b obj/kern/env.o
 .debug_info    0x00000000000056ad      0x1ee obj/kern/kclock.o
 .debug_info    0x000000000000589b      0x483 obj/kern/picirq.o
 .debug_info    0x0000000000005d1e      0x2f2 obj/kern/printf.o
 .debug_info    0x0000000000006010      0xfe5 obj/kern/trap.o
 .debug_info    0x0000000000006ff5       0x59 obj/kern/trapentry.o
 .debug_info    0x000000000000704e      0xb2b obj/kern/sched.o
 .debug_info    0x0000000000007b79     0x1599 obj/kern/syscall.o
 .debug_info    0x0000000000009112     0x1560 obj/kern/kdebug.o
 .debug_info    0x000000000000a672      0x617 obj/kern/printfmt.o
 .debug_info    0x000000000000ac89      0x151 obj/kern/readline.o
 .debug_info    0x000000000000adda      0x6a6 obj/kern/string.o
 .debug_info    0x000000000000b480     0x1425 obj/kern/libdwarf_rw.o
 .debug_info    0x000000000000c8a5     0x1069 obj/kern/libdwarf_frame.o
 .debug_info    0x000000000000d90e      0xdf0 obj/kern/libdwarf_lineno.o
 .debug_info    0x000000000000e6fe      0x96b obj/kern/elf_rw.o
 .debug_info    0x000000000000f069     0x19ad obj/kern/mmutils.o
 .debug_info    0x0000000000010a16      0xcef obj/kern/pmaputils.o
 .debug_info    0x0000000000011705      0x442 obj/kern/disasm/disasm.o
 .debug_info    0x0000000000011b47       0x57 obj/kern/mpentry.o
 .debug_info    0x0000000000011b9e      0xcb2 obj/kern/mpconfig.o
 .debug_info    0x0000000000012850      0x8ee obj/kern/lapic.o
 .debug_info    0x000000000001313e      0xa78 obj/kern/spinlock.o
 .debug_info    0x0000000000013bb6      0x516 obj/kern/e1000.o
 .debug_info    0x00000000000140cc      0x772 obj/kern/pci.o
 .debug_info    0x000000000001483e       0xaf obj/kern/time.o

.debug_abbrev   0x0000000000000000     0x36ec
 *(.debug_abbrev)
 .debug_abbrev  0x0000000000000000       0x14 obj/kern/bootstrap.o
 .debug_abbrev  0x0000000000000014       0x14 obj/kern/entry.o
 .debug_abbrev  0x0000000000000028      0x238 obj/kern/init.o
 .debug_abbrev  0x0000000000000260      0x2c8 obj/kern/console.o
 .debug_abbrev  0x0000000000000528      0x1be obj/kern/monitor.o
 .debug_abbrev  0x00000000000006e6      0x315 obj/kern/pmap.o
 .debug_abbrev  0x00000000000009fb      0x321 obj/kern/env.o
 .debug_abbrev  0x0000000000000d1c      0x102 obj/kern/kclock.o
 .debug_abbrev  0x0000000000000e1e       0xf0 obj/kern/picirq.o
 .debug_abbrev  0x0000000000000f0e      0x112 obj/kern/printf.o
 .debug_abbrev  0x0000000000001020      0x365 obj/kern/trap.o
 .debug_abbrev  0x0000000000001385       0x14 obj/kern/trapentry.o
 .debug_abbrev  0x0000000000001399      0x253 obj/kern/sched.o
 .debug_abbrev  0x00000000000015ec      0x282 obj/kern/syscall.o
 .debug_abbrev  0x000000000000186e      0x26d obj/kern/kdebug.o
 .debug_abbrev  0x0000000000001adb      0x204 obj/kern/printfmt.o
 .debug_abbrev  0x0000000000001cdf       0xab obj/kern/readline.o
 .debug_abbrev  0x0000000000001d8a      0x115 obj/kern/string.o
 .debug_abbrev  0x0000000000001e9f      0x1f8 obj/kern/libdwarf_rw.o
 .debug_abbrev  0x0000000000002097      0x22a obj/kern/libdwarf_frame.o
 .debug_abbrev  0x00000000000022c1      0x223 obj/kern/libdwarf_lineno.o
 .debug_abbrev  0x00000000000024e4      0x1e0 obj/kern/elf_rw.o
 .debug_abbrev  0x00000000000026c4      0x27e obj/kern/mmutils.o
 .debug_abbrev  0x0000000000002942      0x2d2 obj/kern/pmaputils.o
 .debug_abbrev  0x0000000000002c14       0xe8 obj/kern/disasm/disasm.o
 .debug_abbrev  0x0000000000002cfc       0x14 obj/kern/mpentry.o
 .debug_abbrev  0x0000000000002d10      0x23d obj/kern/mpconfig.o
 .debug_abbrev  0x0000000000002f4d      0x1ed obj/kern/lapic.o
 .debug_abbrev  0x000000000000313a      0x248 obj/kern/spinlock.o
 .debug_abbrev  0x0000000000003382      0x12c obj/kern/e1000.o
 .debug_abbrev  0x00000000000034ae      0x1c6 obj/kern/pci.o
 .debug_abbrev  0x0000000000003674       0x78 obj/kern/time.o

.debug_line     0x0000000000000000     0x5076
 *(.debug_line)
 .debug_line    0x0000000000000000       0x99 obj/kern/bootstrap.o
 .debug_line    0x0000000000000099       0x51 obj/kern/entry.o
 .debug_line    0x00000000000000ea      0x1b6 obj/kern/init.o
 .debug_line    0x00000000000002a0      0x2ab obj/kern/console.o
 .debug_line    0x000000000000054b      0x186 obj/kern/monitor.o
 .debug_line    0x00000000000006d1      0xd8c obj/kern/pmap.o
 .debug_line    0x000000000000145d      0x392 obj/kern/env.o
 .debug_line    0x00000000000017ef       0x86 obj/kern/kclock.o
 .debug_line    0x0000000000001875       0xa8 obj/kern/picirq.o
 .debug_line    0x000000000000191d       0xc5 obj/kern/printf.o
 .debug_line    0x00000000000019e2      0x2e7 obj/kern/trap.o
 .debug_line    0x0000000000001cc9       0x85 obj/kern/trapentry.o
 .debug_line    0x0000000000001d4e      0x226 obj/kern/sched.o
 .debug_line    0x0000000000001f74      0x41d obj/kern/syscall.o
 .debug_line    0x0000000000002391      0x1d0 obj/kern/kdebug.o
 .debug_line    0x0000000000002561      0x2c7 obj/kern/printfmt.o
 .debug_line    0x0000000000002828       0x8c obj/kern/readline.o
 .debug_line    0x00000000000028b4      0x1e8 obj/kern/string.o
 .debug_line    0x0000000000002a9c      0x45a obj/kern/libdwarf_rw.o
 .debug_line    0x0000000000002ef6      0x4f2 obj/kern/libdwarf_frame.o
 .debug_line    0x00000000000033e8      0x208 obj/kern/libdwarf_lineno.o
 .debug_line    0x00000000000035f0      0x229 obj/kern/elf_rw.o
 .debug_line    0x0000000000003819      0x5b1 obj/kern/mmutils.o
 .debug_line    0x0000000000003dca      0x8fe obj/kern/pmaputils.o
 .debug_line    0x00000000000046c8       0x96 obj/kern/disasm/disasm.o
 .debug_line    0x000000000000475e       0x74 obj/kern/mpentry.o
 .debug_line    0x00000000000047d2      0x1c7 obj/kern/mpconfig.o
 .debug_line    0x0000000000004999      0x15e obj/kern/lapic.o
 .debug_line    0x0000000000004af7      0x167 obj/kern/spinlock.o
 .debug_line    0x0000000000004c5e      0x1d2 obj/kern/e1000.o
 .debug_line    0x0000000000004e30      0x1f9 obj/kern/pci.o
 .debug_line    0x0000000000005029       0x4d obj/kern/time.o

.debug_frame
 *(.debug_frame)

.debug_str      0x0000000000000000     0x348d
 *(.debug_str)
 .debug_str     0x0000000000000000      0x65c obj/kern/init.o
                                        0x6e6 (size before relaxing)
 .debug_str     0x000000000000065c      0x167 obj/kern/console.o
                                        0x2ca (size before relaxing)
 .debug_str     0x00000000000007c3      0x153 obj/kern/monitor.o
                                        0x437 (size before relaxing)
 .debug_str     0x0000000000000916      0x582 obj/kern/pmap.o
                                        0xb5b (size before relaxing)
 .debug_str     0x0000000000000e98      0x299 obj/kern/env.o
                                        0x94b (size before relaxing)
 .debug_str     0x0000000000001131       0x31 obj/kern/kclock.o
                                        0x16e (size before relaxing)
 .debug_str     0x0000000000001162       0x30 obj/kern/picirq.o
                                        0x1a1 (size before relaxing)
 .debug_str     0x0000000000001192       0x17 obj/kern/printf.o
                                        0x1fc (size before relaxing)
 .debug_str     0x00000000000011a9      0x1b4 obj/kern/trap.o
                                        0x84d (size before relaxing)
 .debug_str     0x000000000000135d      0x13b obj/kern/sched.o
                                        0x73c (size before relaxing)
 .debug_str     0x0000000000001498      0x3b8 obj/kern/syscall.o
                                        0xadc (size before relaxing)
 .debug_str     0x0000000000001850      0x905 obj/kern/kdebug.o
                                        0xfe7 (size before relaxing)
 .debug_str     0x0000000000002155       0x9d obj/kern/printfmt.o
                                        0x344 (size before relaxing)
 .debug_str     0x00000000000021f2       0x27 obj/kern/readline.o
                                        0x1bd (size before relaxing)
 .debug_str     0x0000000000002219       0x9e obj/kern/string.o
                                        0x1fc (size before relaxing)
 .debug_str     0x00000000000022b7      0x262 obj/kern/libdwarf_rw.o
                                        0xbf2 (size before relaxing)
 .debug_str     0x0000000000002519      0x2dd obj/kern/libdwarf_frame.o
                                        0xb4b (size before relaxing)
 .debug_str     0x00000000000027f6      0x1bd obj/kern/libdwarf_lineno.o
                                        0xb99 (size before relaxing)
 .debug_str     0x00000000000029b3      0x1b7 obj/kern/elf_rw.o
                                        0x456 (size before relaxing)
 .debug_str     0x0000000000002b6a      0x403 obj/kern/mmutils.o
                                        0x98e (size before relaxing)
 .debug_str     0x0000000000002f6d      0x114 obj/kern/pmaputils.o
                                        0x452 (size before relaxing)
 .debug_str     0x0000000000003081       0x48 obj/kern/disasm/disasm.o
                                        0x322 (size before relaxing)
 .debug_str     0x00000000000030c9       0xbe obj/kern/mpconfig.o
                                        0x65c (size before relaxing)
 .debug_str     0x0000000000003187       0x59 obj/kern/lapic.o
                                        0x5b1 (size before relaxing)
 .debug_str     0x00000000000031e0       0x4d obj/kern/spinlock.o
                                        0x683 (size before relaxing)
 .debug_str     0x000000000000322d       0xd1 obj/kern/e1000.o
                                        0x2b1 (size before relaxing)
 .debug_str     0x00000000000032fe      0x169 obj/kern/pci.o
                                        0x37f (size before relaxing)
 .debug_str     0x0000000000003467       0x26 obj/kern/time.o
                                         0xfd (size before relaxing)

.debug_loc      0x0000000000000000     0x723c
 *(.debug_loc)
 .debug_loc     0x0000000000000000      0x264 obj/kern/init.o
 .debug_loc     0x0000000000000264      0x6c0 obj/kern/console.o
 .debug_loc     0x0000000000000924      0x1e0 obj/kern/monitor.o
 .debug_loc     0x0000000000000b04      0xc00 obj/kern/pmap.o
 .debug_loc     0x0000000000001704      0x638 obj/kern/env.o
 .debug_loc     0x0000000000001d3c       0xc0 obj/kern/kclock.o
 .debug_loc     0x0000000000001dfc      0x120 obj/kern/picirq.o
 .debug_loc     0x0000000000001f1c      0x1e0 obj/kern/printf.o
 .debug_loc     0x00000000000020fc      0x4a4 obj/kern/trap.o
 .debug_loc     0x00000000000025a0      0x3c0 obj/kern/sched.o
 .debug_loc     0x0000000000002960      0xc38 obj/kern/syscall.o
 .debug_loc     0x0000000000003598       0xc0 obj/kern/kdebug.o
 .debug_loc     0x0000000000003658      0x300 obj/kern/printfmt.o
 .debug_loc     0x0000000000003958       0x60 obj/kern/readline.o
 .debug_loc     0x00000000000039b8      0x660 obj/kern/string.o
 .debug_loc     0x0000000000004018      0x900 obj/kern/libdwarf_rw.o
 .debug_loc     0x0000000000004918      0x540 obj/kern/libdwarf_frame.o
 .debug_loc     0x0000000000004e58      0x180 obj/kern/libdwarf_lineno.o
 .debug_loc     0x0000000000004fd8      0x240 obj/kern/elf_rw.o
 .debug_loc     0x0000000000005218      0xbe4 obj/kern/mmutils.o
 .debug_loc     0x0000000000005dfc      0x6c0 obj/kern/pmaputils.o
 .debug_loc     0x00000000000064bc       0xc0 obj/kern/disasm/disasm.o
 .debug_loc     0x000000000000657c      0x1e0 obj/kern/mpconfig.o
 .debug_loc     0x000000000000675c      0x2a0 obj/kern/lapic.o
 .debug_loc     0x00000000000069fc      0x240 obj/kern/spinlock.o
 .debug_loc     0x0000000000006c3c      0x120 obj/kern/e1000.o
 .debug_loc     0x0000000000006d5c      0x3c0 obj/kern/pci.o
 .debug_loc     0x000000000000711c      0x120 obj/kern/time.o

.comment        0x0000000000000000       0x29
 .comment       0x0000000000000000       0x29 obj/kern/init.o
                                         0x2a (size before relaxing)
 .comment       0x0000000000000000       0x2a obj/kern/console.o
 .comment       0x0000000000000000       0x2a obj/kern/monitor.o
 .comment       0x0000000000000000       0x2a obj/kern/pmap.o
 .comment       0x0000000000000000       0x2a obj/kern/env.o
 .comment       0x0000000000000000       0x2a obj/kern/kclock.o
 .comment       0x0000000000000000       0x2a obj/kern/picirq.o
 .comment       0x0000000000000000       0x2a obj/kern/printf.o
 .comment       0x0000000000000000       0x2a obj/kern/trap.o
 .comment       0x0000000000000000       0x2a obj/kern/sched.o
 .comment       0x0000000000000000       0x2a obj/kern/syscall.o
 .comment       0x0000000000000000       0x2a obj/kern/kdebug.o
 .comment       0x0000000000000000       0x2a obj/kern/printfmt.o
 .comment       0x0000000000000000       0x2a obj/kern/readline.o
 .comment       0x0000000000000000       0x2a obj/kern/string.o
 .comment       0x0000000000000000       0x2a obj/kern/libdwarf_rw.o
 .comment       0x0000000000000000       0x2a obj/kern/libdwarf_frame.o
 .comment       0x0000000000000000       0x2a obj/kern/libdwarf_lineno.o
 .comment       0x0000000000000000       0x2a obj/kern/elf_rw.o
 .comment       0x0000000000000000       0x2a obj/kern/mmutils.o
 .comment       0x0000000000000000       0x2a obj/kern/pmaputils.o
 .comment       0x0000000000000000       0x2a obj/kern/disasm/disasm.o
 .comment       0x0000000000000000       0x2a obj/kern/mpconfig.o
 .comment       0x0000000000000000       0x2a obj/kern/lapic.o
 .comment       0x0000000000000000       0x2a obj/kern/spinlock.o
 .comment       0x0000000000000000       0x2a obj/kern/e1000.o
 .comment       0x0000000000000000       0x2a obj/kern/pci.o
 .comment       0x0000000000000000       0x2a obj/kern/time.o

.debug_macinfo
 *(.debug_macinfo)

.debug_weaknames
 *(.debug_weaknames)

.debug_funcnames
 *(.debug_funcnames)

.debug_typenames
 *(.debug_typenames)

.debug_varnames
 *(.debug_varnames)

/DISCARD/
 *(.note.GNU-stack)
LOAD obj/kern/entry.o
LOAD obj/kern/bootstrap.o
LOAD obj/kern/init.o
LOAD obj/kern/console.o
LOAD obj/kern/monitor.o
LOAD obj/kern/pmap.o
LOAD obj/kern/env.o
LOAD obj/kern/kclock.o
LOAD obj/kern/picirq.o
LOAD obj/kern/printf.o
LOAD obj/kern/trap.o
LOAD obj/kern/trapentry.o
LOAD obj/kern/sched.o
LOAD obj/kern/syscall.o
LOAD obj/kern/kdebug.o
LOAD obj/kern/printfmt.o
LOAD obj/kern/readline.o
LOAD obj/kern/string.o
LOAD obj/kern/libdwarf_rw.o
LOAD obj/kern/libdwarf_frame.o
LOAD obj/kern/libdwarf_lineno.o
LOAD obj/kern/elf_rw.o
LOAD obj/kern/mmutils.o
LOAD obj/kern/pmaputils.o
LOAD obj/kern/disasm/disasm.o
LOAD obj/kern/mpentry.o
LOAD obj/kern/mpconfig.o
LOAD obj/kern/lapic.o
LOAD obj/kern/spinlock.o
LOAD obj/kern/e1000.o
LOAD obj/kern/pci.o
LOAD obj/kern/time.o
LOAD /usr/lib/gcc/x86_64-linux-gnu/4.8/libgcc.a
TARGET(binary)
LOAD obj/user/hello
LOAD obj/user/idle
LOAD obj/user/yield
LOAD obj/user/dumbfork
LOAD obj/user/stresssched
LOAD obj/user/faultdie
LOAD obj/user/faultregs
LOAD obj/user/faultalloc
LOAD obj/user/faultallocbad
LOAD obj/user/faultnostack
LOAD obj/user/faultbadhandler
LOAD obj/user/faultevilhandler
LOAD obj/user/forktree
LOAD obj/user/sendpage
LOAD obj/user/spin
LOAD obj/user/fairness
LOAD obj/user/pingpong
LOAD obj/user/pingpongs
LOAD obj/user/primes
LOAD obj/user/testfile
LOAD obj/user/writemotd
LOAD obj/user/spawnhello
LOAD obj/user/icode
LOAD obj/fs/fs
LOAD obj/user/testtime
LOAD obj/user/httpd
LOAD obj/user/echosrv
LOAD obj/user/echotest
LOAD obj/net/testoutput
LOAD obj/net/testinput
LOAD obj/net/ns
LOAD obj/user/testpteshare
LOAD obj/user/testfdsharing
LOAD obj/user/testpipe
LOAD obj/user/testpiperace
LOAD obj/user/testpiperace2
LOAD obj/user/primespipe
LOAD obj/user/testkbd
LOAD obj/user/testshell
LOAD obj/user/fputest
LOAD obj/user/snapshottest
LOAD obj/user/ehandlertest
LOAD obj/user/forktest
LOAD obj/user/printa
LOAD obj/user/printb
LOAD obj/user/printd
LOAD obj/user/matrix
LOAD obj/user/powerseries
LOAD obj/user/ipctest
LOAD obj/user/idetest
LOAD obj/user/linktest
LOAD obj/user/exectest
OUTPUT(obj/kern/kernel elf64-x86-64)
