
Allocating common symbols
Common symbol       size              file

global_rules_shadow
                    0x630             obj/kern/libdwarf_frame.o
ismp                0x4               obj/kern/mpconfig.o
npages_basemem      0x8               obj/kern/pmap.o
lapicaddr           0x8               obj/kern/lapic.o
end_debug           0x8               obj/kern/init.o
page_free_list      0x8               obj/kern/pmap.o
mydebug             0x60              obj/kern/kdebug.o
panicstr            0x8               obj/kern/init.o
boot_cr3            0x8               obj/kern/pmap.o
mpentry_kstack      0x8               obj/kern/init.o
cpus                0x3c0             obj/kern/mpconfig.o
global_std_op       0x200             obj/kern/libdwarf_lineno.o
lapic               0x8               obj/kern/lapic.o
bootcpu             0x8               obj/kern/mpconfig.o
g_locks             0x1a0             obj/kern/spinlock.o
_cie                0x78              obj/kern/kdebug.o
global_rules        0x630             obj/kern/libdwarf_frame.o
boot_pml4e          0x8               obj/kern/pmap.o
ncpu                0x4               obj/kern/mpconfig.o
_fde                0x80              obj/kern/kdebug.o
npages              0x8               obj/kern/pmap.o
pages               0x8               obj/kern/pmap.o
percpu_kstacks      0x80000           obj/kern/mpconfig.o

Discarded input sections

 .note.GNU-stack
                0x0000000000000000        0x0 obj/kern/init.o
 .note.GNU-stack
                0x0000000000000000        0x0 obj/kern/console.o
 .note.GNU-stack
                0x0000000000000000        0x0 obj/kern/monitor.o
 .note.GNU-stack
                0x0000000000000000        0x0 obj/kern/pmap.o
 .note.GNU-stack
                0x0000000000000000        0x0 obj/kern/env.o
 .note.GNU-stack
                0x0000000000000000        0x0 obj/kern/kclock.o
 .note.GNU-stack
                0x0000000000000000        0x0 obj/kern/picirq.o
 .note.GNU-stack
                0x0000000000000000        0x0 obj/kern/printf.o
 .note.GNU-stack
                0x0000000000000000        0x0 obj/kern/trap.o
 .note.GNU-stack
                0x0000000000000000        0x0 obj/kern/sched.o
 .note.GNU-stack
                0x0000000000000000        0x0 obj/kern/syscall.o
 .note.GNU-stack
                0x0000000000000000        0x0 obj/kern/kdebug.o
 .note.GNU-stack
                0x0000000000000000        0x0 obj/kern/printfmt.o
 .note.GNU-stack
                0x0000000000000000        0x0 obj/kern/readline.o
 .note.GNU-stack
                0x0000000000000000        0x0 obj/kern/string.o
 .note.GNU-stack
                0x0000000000000000        0x0 obj/kern/libdwarf_rw.o
 .note.GNU-stack
                0x0000000000000000        0x0 obj/kern/libdwarf_frame.o
 .note.GNU-stack
                0x0000000000000000        0x0 obj/kern/libdwarf_lineno.o
 .note.GNU-stack
                0x0000000000000000        0x0 obj/kern/elf_rw.o
 .note.GNU-stack
                0x0000000000000000        0x0 obj/kern/mmutils.o
 .note.GNU-stack
                0x0000000000000000        0x0 obj/kern/pmaputils.o
 .note.GNU-stack
                0x0000000000000000        0x0 obj/kern/disasm/disasm.o
 .note.GNU-stack
                0x0000000000000000        0x0 obj/kern/mpconfig.o
 .note.GNU-stack
                0x0000000000000000        0x0 obj/kern/lapic.o
 .note.GNU-stack
                0x0000000000000000        0x0 obj/kern/spinlock.o
 .note.GNU-stack
                0x0000000000000000        0x0 obj/kern/e1000.o
 .note.GNU-stack
                0x0000000000000000        0x0 obj/kern/pci.o
 .note.GNU-stack
                0x0000000000000000        0x0 obj/kern/time.o

Memory Configuration

Name             Origin             Length             Attributes
*default*        0x0000000000000000 0xffffffffffffffff

Linker script and memory map

                0x0000000000100000                . = 0x100000

.bootstrap      0x0000000000100000     0x7004
 obj/kern/bootstrap.o(.text .data .bss)
 .text          0x0000000000100000      0x115 obj/kern/bootstrap.o
                0x0000000000100000                _head64
                0x00000000001000e5                jumpto_longmode
 *fill*         0x0000000000100115      0xeeb 
 .data          0x0000000000101000     0x6004 obj/kern/bootstrap.o
                0x0000000000102000                pml4phys
                0x0000000000107000                multiboot_info
 .bss           0x0000000000107004        0x0 obj/kern/bootstrap.o
                0x0000008004200000                . = 0x8004200000

.text           0x0000008004200000    0x1c70e load address 0x0000000000200000
 *(EXCLUDE_FILE(obj/kern/bootstrap.o) .text .stub .text.* .gnu.linkonce.t.*)
 .text          0x0000008004200000       0x58 obj/kern/entry.o
                0x000000800420000c                entry
                0x000000000020000c                _start
 .text          0x0000008004200058      0x723 obj/kern/init.o
                0x000000800420010a                i386_init
                0x000000800420048c                mp_main
                0x0000008004200557                _panic
                0x000000800420068e                _warn
 .text          0x000000800420077b      0xb7f obj/kern/console.o
                0x000000800420080b                serial_intr
                0x0000008004201081                kbd_intr
                0x000000800420115b                cons_getc
                0x000000800420124f                cons_init
                0x00000080042012a8                cputchar
                0x00000080042012c6                getchar
                0x00000080042012e8                iscons
 .text          0x00000080042012fa      0x739 obj/kern/monitor.o
                0x00000080042012fa                mon_help
                0x0000008004201391                mon_kerninfo
                0x000000800420151f                mon_backtrace
                0x0000008004201943                monitor
 .text          0x0000008004201a33     0x5b93 obj/kern/pmap.o
                0x0000008004201b7a                restrictive_type
                0x00000080042024f7                x64_vm_init
                0x0000008004202aed                page_init
                0x0000008004202cf8                page_alloc
                0x0000008004202d97                page_free
                0x0000008004202e29                page_decref
                0x0000008004202e86                pml4e_walk
                0x0000008004203098                pdpe_walk
                0x00000080042032aa                pgdir_walk
                0x0000008004203642                page_insert
                0x0000008004203790                page_lookup
                0x0000008004203805                page_remove
                0x0000008004203878                tlb_invalidate
                0x0000008004203949                mmio_map_region
                0x0000008004203a4e                user_mem_check
                0x0000008004203bd3                user_mem_assert
 .text          0x00000080042075c6     0x154e obj/kern/env.o
                0x000000800420779c                envid2env
                0x0000008004207909                env_init
                0x0000008004207ac7                env_init_percpu
                0x0000008004207c30                env_alloc
                0x0000008004207f7b                load_icode
                0x00000080042081fa                env_create
                0x000000800420829a                env_free
                0x000000800420873d                env_destroy
                0x000000800420882f                env_pop_tf
                0x0000008004208917                env_run
 .text          0x0000008004208b14       0x7c obj/kern/kclock.o
                0x0000008004208b14                mc146818_read
                0x0000008004208b50                mc146818_write
 .text          0x0000008004208b90      0x273 obj/kern/picirq.o
                0x0000008004208b90                pic_init
                0x0000008004208ce2                irq_setmask_8259A
                0x0000008004208dd3                irq_eoi
 .text          0x0000008004208e03      0x2a3 obj/kern/printf.o
                0x0000008004208f4d                vcprintf
                0x0000008004208fac                cprintf
 .text          0x00000080042090a6     0x19c9 obj/kern/trap.o
                0x00000080042091b7                trap_init
                0x000000800420951e                trap_init_percpu
                0x00000080042098e9                print_trapframe
                0x0000008004209c03                print_regs
                0x000000800420a110                trap
                0x000000800420a484                page_fault_handler
                0x000000800420a81c                user_exception_handler
 *fill*         0x000000800420aa6f        0x1 
 .text          0x000000800420aa70      0x1c9 obj/kern/trapentry.o
                0x000000800420aa70                __trap_divide
                0x000000800420aa7a                __trap_debug
                0x000000800420aa84                __trap_nmi
                0x000000800420aa8e                __trap_brkpt
                0x000000800420aa98                __trap_oflow
                0x000000800420aaa2                __trap_bound
                0x000000800420aaac                __trap_illop
                0x000000800420aab6                __trap_device
                0x000000800420aac0                __trap_dblflt
                0x000000800420aac8                __trap_tss
                0x000000800420aad0                __trap_segnp
                0x000000800420aad8                __trap_stack
                0x000000800420aae0                __trap_gpflt
                0x000000800420aae8                __trap_pgflt
                0x000000800420aaf0                __trap_fperr
                0x000000800420aafa                __trap_align
                0x000000800420ab02                __trap_mchk
                0x000000800420ab0c                __trap_simderr
                0x000000800420ab16                __trap_syscall
                0x000000800420ab20                __irq_timer
                0x000000800420ab2a                __irq_kbd
                0x000000800420ab34                __irq_serial
                0x000000800420ab3e                __irq_spurious
                0x000000800420ab48                __irq_ide
                0x000000800420ab52                __irq_error
                0x000000800420ab5b                _alltraps
 .text          0x000000800420ac39      0x7fc obj/kern/sched.o
                0x000000800420aced                sched_init
                0x000000800420adc3                sched_enqueue
                0x000000800420ae4f                sched_dequeue
                0x000000800420aec6                sched_swapqueue
                0x000000800420af0c                sched_free
                0x000000800420b099                sched_yield
                0x000000800420b20c                sched_halt
 .text          0x000000800420b435     0x1388 obj/kern/syscall.o
                0x000000800420c4f1                syscall
 .text          0x000000800420c7bd      0xc33 obj/kern/kdebug.o
                0x000000800420c7bd                list_func_die
                0x000000800420cf23                debuginfo_rip
 .text          0x000000800420d3f0      0xc64 obj/kern/printfmt.o
                0x000000800420d6cb                vprintfmt
                0x000000800420ddd6                printfmt
                0x000000800420ded6                vsnprintf
                0x000000800420df73                snprintf
 .text          0x000000800420e054      0x155 obj/kern/readline.o
                0x000000800420e054                readline
 .text          0x000000800420e1a9      0x7c5 obj/kern/string.o
                0x000000800420e1a9                strlen
                0x000000800420e1d7                strnlen
                0x000000800420e215                strcpy
                0x000000800420e258                strcat
                0x000000800420e2a7                strncpy
                0x000000800420e307                strlcpy
                0x000000800420e377                strcmp
                0x000000800420e3ca                strncmp
                0x000000800420e43b                strchr
                0x000000800420e477                strfind
                0x000000800420e4ae                memset
                0x000000800420e539                memmove
                0x000000800420e650                memcpy
                0x000000800420e684                memcmp
                0x000000800420e6f8                memfind
                0x000000800420e741                strtol
                0x000000800420e8d3                strstr
 .text          0x000000800420e96e     0x1f4d obj/kern/libdwarf_rw.o
                0x000000800420e96e                _dwarf_read_lsb
                0x000000800420ea9a                _dwarf_decode_lsb
                0x000000800420ebbb                _dwarf_read_msb
                0x000000800420ed6d                _dwarf_decode_msb
                0x000000800420ef1c                _dwarf_read_sleb128
                0x000000800420efc0                _dwarf_read_uleb128
                0x000000800420f03f                _dwarf_decode_sleb128
                0x000000800420f0d1                _dwarf_decode_uleb128
                0x000000800420f13e                _dwarf_read_string
                0x000000800420f1cd                _dwarf_read_block
                0x000000800420f216                _dwarf_elf_get_byte_order
                0x000000800420f284                _dwarf_elf_get_pointer_size
                0x000000800420f2ee                _dwarf_init
                0x000000800420f3d0                _get_next_cu
                0x000000800420f56b                print_cu
                0x000000800420f5a2                _dwarf_abbrev_parse
                0x000000800420f825                _dwarf_abbrev_find
                0x000000800420f956                _dwarf_attr_init
                0x000000800420ffe7                dwarf_search_die_within_cu
                0x00000080042102e0                dwarf_offdie
                0x00000080042103e3                _dwarf_attr_find
                0x0000008004210476                dwarf_siblingof
                0x00000080042106ba                dwarf_child
                0x000000800421085e                _dwarf_find_section_enhanced
 .text          0x00000080042108bb     0x254f obj/kern/libdwarf_frame.o
                0x00000080042108bb                _dwarf_frame_params_init
                0x00000080042108fb                dwarf_get_fde_at_pc
                0x00000080042109cd                _dwarf_frame_regtable_copy
                0x000000800421197a                _dwarf_frame_get_internal_table
                0x0000008004211c07                dwarf_get_fde_info_for_all_regs
                0x0000008004212aa4                _dwarf_frame_interal_table_init
                0x0000008004212d32                dwarf_set_frame_cfa_value
                0x0000008004212d62                dwarf_init_eh_section
 .text          0x0000008004212e0a      0xd4b obj/kern/libdwarf_lineno.o
                0x0000008004213466                _dwarf_lineno_init
                0x00000080042139da                dwarf_srclines
 .text          0x0000008004213b55      0xd12 obj/kern/elf_rw.o
                0x0000008004213b55                _dwarf_find_section
                0x0000008004213bd5                find_debug_sections
                0x0000008004213e9e                read_section_headers
                0x00000080042145dd                readseg
                0x0000008004214741                waitdisk
                0x000000800421476d                readsect
 .text          0x0000008004214867     0x26ed obj/kern/mmutils.o
                0x0000008004214867                mm_getdec
                0x00000080042148d1                mm_gethex
                0x0000008004214988                mm_printmap
                0x0000008004214b72                mm_pinfo
                0x000000800421502f                mm_showmaps
                0x0000008004215187                mm_setmap
                0x00000080042152c7                mm_dumpmem
                0x0000008004215433                mm_binfo
                0x0000008004215561                mm_bmalloc
                0x0000008004215655                mm_bfree
                0x000000800421569d                mm_bsplit
                0x000000800421588e                mm_bcoalesce
                0x0000008004215906                mm_einfo
                0x0000008004215cec                mon_mm_pinfo
                0x0000008004215d12                mon_mm_showmaps
                0x0000008004215ea5                mon_mm_setmap
                0x0000008004216608                mon_mm_dumpmem
                0x00000080042168f6                mon_mm_binfo
                0x0000008004216921                mon_mm_bmalloc
                0x00000080042169ab                mon_mm_bfree
                0x0000008004216a7b                mon_mm_bsplit
                0x0000008004216b75                mon_mm_bcoalesce
                0x0000008004216d30                mon_mm_einfo
                0x0000008004216d5b                mon_mm_fputest
                0x0000008004216d9a                mon_mm_snapshottest
                0x0000008004216dd9                mon_mm_ehandlertest
                0x0000008004216e18                mon_mm_forktest
                0x0000008004216e57                mon_mm_schedtest
                0x0000008004216ed6                mon_mm_matrixtest
                0x0000008004216f15                mon_mm_powerseriestest
 .text          0x0000008004216f54     0x37d8 obj/kern/pmaputils.o
                0x000000800421702a                page_contiguous_block
                0x000000800421714c                page_contiguous_alloc
                0x000000800421721b                page_incref
                0x000000800421726b                page_free_list_reorder
                0x000000800421748f                page_update
                0x000000800421763c                b_malloc
                0x00000080042177c4                b_free
                0x0000008004217941                b_split
                0x0000008004217c94                b_coalesce
                0x00000080042180a9                bi_init
                0x0000008004218109                bi_lookup
                0x0000008004218154                bi_insert
                0x000000800421827b                bi_delete
                0x00000080042183d0                bi_block
                0x00000080042184a9                check_b_utils
 .text          0x000000800421a72c      0x2a3 obj/kern/disasm/disasm.o
                0x000000800421a72c                disasm_u
                0x000000800421a911                disasm_s
                0x000000800421a970                disasm_c
 *fill*         0x000000800421a9cf        0x1 
 .text          0x000000800421a9d0       0xe7 obj/kern/mpentry.o
                0x000000800421a9d0                mpentry_start
                0x000000800421aab6                mpentry_end
 .text          0x000000800421aab7      0x7d5 obj/kern/mpconfig.o
                0x000000800421af8d                mp_init
 .text          0x000000800421b28c      0x473 obj/kern/lapic.o
                0x000000800421b2ce                lapic_init
                0x000000800421b4c5                cpunum
                0x000000800421b4fa                lapic_eoi
                0x000000800421b535                lapic_startap
                0x000000800421b6b8                lapic_ipi
 .text          0x000000800421b6ff      0x472 obj/kern/spinlock.o
                0x000000800421b81c                __spin_initlock
                0x000000800421b850                spin_lock
                0x000000800421b927                spin_unlock
 .text          0x000000800421bb71        0x0 obj/kern/e1000.o
 .text          0x000000800421bb71      0xafa obj/kern/pci.o
                0x000000800421c3ae                pci_func_enable
                0x000000800421c62f                pci_init
 .text          0x000000800421c66b       0xa3 obj/kern/time.o
                0x000000800421c66b                time_init
                0x000000800421c681                time_tick
                0x000000800421c6f3                time_msec
                0x000000800421c70e                PROVIDE (etext, .)

.iplt           0x000000800421c710        0x0 load address 0x000000000021c710
 .iplt          0x0000000000000000        0x0 obj/kern/bootstrap.o

.rodata         0x000000800421c720     0x5016 load address 0x000000000021c720
 *(EXCLUDE_FILE(obj/kern/bootstrap.o) .rodata .rodata.* .gnu.linkonce.r.*)
 .rodata        0x000000800421c720       0xce obj/kern/init.o
 .rodata        0x000000800421c7ee       0x29 obj/kern/console.o
 *fill*         0x000000800421c817        0x1 
 .rodata        0x000000800421c818      0x5cc obj/kern/monitor.o
 *fill*         0x000000800421cde4        0x4 
 .rodata        0x000000800421cde8      0xec4 obj/kern/pmap.o
 *fill*         0x000000800421dcac        0x4 
 .rodata        0x000000800421dcb0       0x94 obj/kern/env.o
 .rodata        0x000000800421dd44       0x1a obj/kern/picirq.o
 *fill*         0x000000800421dd5e        0x2 
 .rodata        0x000000800421dd60      0x4c0 obj/kern/trap.o
 .rodata        0x000000800421e220       0x94 obj/kern/sched.o
 *fill*         0x000000800421e2b4        0x4 
 .rodata        0x000000800421e2b8       0xe8 obj/kern/syscall.o
 .rodata        0x000000800421e3a0      0x378 obj/kern/kdebug.o
 *fill*         0x000000800421e718        0x8 
 .rodata        0x000000800421e720      0x4a0 obj/kern/printfmt.o
 .rodata        0x000000800421ebc0       0x13 obj/kern/readline.o
 *fill*         0x000000800421ebd3        0x5 
 .rodata        0x000000800421ebd8      0x1ab obj/kern/libdwarf_rw.o
 *fill*         0x000000800421ed83        0x5 
 .rodata        0x000000800421ed88      0x1d8 obj/kern/libdwarf_frame.o
 .rodata        0x000000800421ef60       0xc3 obj/kern/libdwarf_lineno.o
 .rodata        0x000000800421f023       0xa4 obj/kern/elf_rw.o
 *fill*         0x000000800421f0c7        0x1 
 .rodata        0x000000800421f0c8      0xd92 obj/kern/mmutils.o
 *fill*         0x000000800421fe5a        0x6 
 .rodata        0x000000800421fe60     0x12a2 obj/kern/pmaputils.o
 *fill*         0x0000008004221102        0x6 
 .rodata        0x0000008004221108       0x55 obj/kern/disasm/disasm.o
 *fill*         0x000000800422115d        0x3 
 .rodata        0x0000008004221160      0x1f9 obj/kern/mpconfig.o
 *fill*         0x0000008004221359        0x7 
 .rodata        0x0000008004221360       0x30 obj/kern/lapic.o
 .rodata        0x0000008004221390       0xf1 obj/kern/spinlock.o
 *fill*         0x0000008004221481        0x7 
 .rodata        0x0000008004221488      0x287 obj/kern/pci.o
 .rodata        0x000000800422170f       0x27 obj/kern/time.o

.eh_frame       0x0000008004221738     0x25b8 load address 0x0000000000221738
 .eh_frame      0x0000008004221738       0xf8 obj/kern/init.o
                                         0xf0 (size before relaxing)
 .eh_frame      0x0000008004221830      0x240 obj/kern/console.o
                                        0x258 (size before relaxing)
 .eh_frame      0x0000008004221a70       0xa0 obj/kern/monitor.o
                                         0xb8 (size before relaxing)
 .eh_frame      0x0000008004221b10      0x428 obj/kern/pmap.o
                                        0x438 (size before relaxing)
 .eh_frame      0x0000008004221f38      0x238 obj/kern/env.o
                                        0x248 (size before relaxing)
 .eh_frame      0x0000008004222170       0x40 obj/kern/kclock.o
                                         0x58 (size before relaxing)
 .eh_frame      0x00000080042221b0       0x60 obj/kern/picirq.o
                                         0x78 (size before relaxing)
 .eh_frame      0x0000008004222210       0xa0 obj/kern/printf.o
                                         0xb8 (size before relaxing)
 .eh_frame      0x00000080042222b0      0x170 obj/kern/trap.o
                                        0x180 (size before relaxing)
 .eh_frame      0x0000008004222420      0x120 obj/kern/sched.o
                                        0x138 (size before relaxing)
 .eh_frame      0x0000008004222540      0x360 obj/kern/syscall.o
                                        0x370 (size before relaxing)
 .eh_frame      0x00000080042228a0       0x48 obj/kern/kdebug.o
                                         0x60 (size before relaxing)
 .eh_frame      0x00000080042228e8      0x118 obj/kern/printfmt.o
                                        0x128 (size before relaxing)
 .eh_frame      0x0000008004222a00       0x20 obj/kern/readline.o
                                         0x38 (size before relaxing)
 .eh_frame      0x0000008004222a20      0x220 obj/kern/string.o
                                        0x238 (size before relaxing)
 .eh_frame      0x0000008004222c40      0x308 obj/kern/libdwarf_rw.o
                                        0x320 (size before relaxing)
 .eh_frame      0x0000008004222f48      0x1d0 obj/kern/libdwarf_frame.o
                                        0x1e8 (size before relaxing)
 .eh_frame      0x0000008004223118       0x98 obj/kern/libdwarf_lineno.o
                                         0xb0 (size before relaxing)
 .eh_frame      0x00000080042231b0       0xc0 obj/kern/elf_rw.o
                                         0xd8 (size before relaxing)
 .eh_frame      0x0000008004223270      0x3c8 obj/kern/mmutils.o
 .eh_frame      0x0000008004223638      0x250 obj/kern/pmaputils.o
                                        0x268 (size before relaxing)
 .eh_frame      0x0000008004223888       0x60 obj/kern/disasm/disasm.o
                                         0x78 (size before relaxing)
 .eh_frame      0x00000080042238e8       0xa8 obj/kern/mpconfig.o
                                         0xc0 (size before relaxing)
 .eh_frame      0x0000008004223990       0xe0 obj/kern/lapic.o
                                         0xf8 (size before relaxing)
 .eh_frame      0x0000008004223a70       0xe0 obj/kern/spinlock.o
                                         0xf0 (size before relaxing)
 .eh_frame      0x0000008004223b50      0x140 obj/kern/pci.o
                                        0x158 (size before relaxing)
 .eh_frame      0x0000008004223c90       0x60 obj/kern/time.o
                                         0x78 (size before relaxing)

.rela.dyn       0x0000008004223cf0        0x0 load address 0x0000000000223cf0
 .rela.iplt     0x0000000000000000        0x0 obj/kern/bootstrap.o
 .rela.text     0x0000000000000000        0x0 obj/kern/bootstrap.o
 .rela.data     0x0000000000000000        0x0 obj/kern/bootstrap.o
                0x0000008004224000                . = ALIGN (0x1000)

.data           0x0000008004224000   0x4db5f0 load address 0x0000000000224000
 *(EXCLUDE_FILE(obj/kern/bootstrap.o) .data)
 .data          0x0000008004224000    0x10042 obj/kern/entry.o
                0x0000008004224000                bootstack
                0x0000008004234000                kernel_64
                0x0000008004234000                bootstacktop
                0x0000008004234038                gdtdesc_64
 .data          0x0000008004234042        0x0 obj/kern/init.o
 *fill*         0x0000008004234042       0x1e 
 .data          0x0000008004234060      0x520 obj/kern/console.o
 .data          0x0000008004234580      0x228 obj/kern/monitor.o
 .data          0x00000080042347a8       0x18 obj/kern/pmap.o
                0x00000080042347a8                pte_ps_flag
                0x00000080042347ac                c_block_flag
                0x00000080042347b0                ptr_boot_alloc
 .data          0x00000080042347c0       0xb2 obj/kern/env.o
                0x00000080042347c0                gdt
                0x0000008004234868                gdt_pd
 .data          0x0000008004234872        0x0 obj/kern/kclock.o
 .data          0x0000008004234872        0x2 obj/kern/picirq.o
                0x0000008004234872                irq_mask_8259A
 .data          0x0000008004234874        0x0 obj/kern/printf.o
 .data          0x0000008004234874        0x0 obj/kern/trap.o
 .data          0x0000008004234874      0x340 obj/kern/trapentry.o
                0x0000008004234874                entry_array
 .data          0x0000008004234bb4        0x0 obj/kern/sched.o
 .data          0x0000008004234bb4        0x0 obj/kern/syscall.o
 *fill*         0x0000008004234bb4        0x4 
 .data          0x0000008004234bb8       0x18 obj/kern/kdebug.o
                0x0000008004234bb8                fde
                0x0000008004234bc0                cie
                0x0000008004234bc8                dbg
 .data          0x0000008004234bd0        0x4 obj/kern/printfmt.o
                0x0000008004234bd0                color_flag
 .data          0x0000008004234bd4        0x0 obj/kern/readline.o
 .data          0x0000008004234bd4        0x0 obj/kern/string.o
 .data          0x0000008004234bd4        0x0 obj/kern/libdwarf_rw.o
 *fill*         0x0000008004234bd4        0xc 
 .data          0x0000008004234be0       0x20 obj/kern/libdwarf_frame.o
                0x0000008004234be0                debug_frame_sec
 .data          0x0000008004234c00        0x0 obj/kern/libdwarf_lineno.o
 .data          0x0000008004234c00       0xa0 obj/kern/elf_rw.o
                0x0000008004234c00                section_info
 .data          0x0000008004234ca0        0x0 obj/kern/mmutils.o
 .data          0x0000008004234ca0        0x4 obj/kern/pmaputils.o
                0x0000008004234ca0                b_ring
 *fill*         0x0000008004234ca4        0x4 
 .data          0x0000008004234ca8        0x8 obj/kern/disasm/disasm.o
 .data          0x0000008004234cb0        0x0 obj/kern/mpentry.o
 .data          0x0000008004234cb0        0x0 obj/kern/mpconfig.o
 .data          0x0000008004234cb0        0x0 obj/kern/lapic.o
 *fill*         0x0000008004234cb0       0x10 
 .data          0x0000008004234cc0       0x68 obj/kern/spinlock.o
                0x0000008004234cc0                kernel_lock
 .data          0x0000008004234d28        0x0 obj/kern/e1000.o
 *fill*         0x0000008004234d28       0x18 
 .data          0x0000008004234d40       0x78 obj/kern/pci.o
                0x0000008004234d60                pci_attach_class
 .data          0x0000008004234db8        0x0 obj/kern/time.o
 .data          0x0000008004234db8    0x1619e obj/user/hello
                0x0000008004234db8                _binary_obj_user_hello_start
                0x000000800424af56                _binary_obj_user_hello_end
 .data          0x000000800424af56    0x15c75 obj/user/idle
                0x000000800424af56                _binary_obj_user_idle_start
                0x0000008004260bcb                _binary_obj_user_idle_end
 .data          0x0000008004260bcb    0x161ce obj/user/yield
                0x0000008004260bcb                _binary_obj_user_yield_start
                0x0000008004276d99                _binary_obj_user_yield_end
 .data          0x0000008004276d99    0x16666 obj/user/dumbfork
                0x0000008004276d99                _binary_obj_user_dumbfork_start
                0x000000800428d3ff                _binary_obj_user_dumbfork_end
 .data          0x000000800428d3ff    0x1884d obj/user/stresssched
                0x000000800428d3ff                _binary_obj_user_stresssched_start
                0x00000080042a5c4c                _binary_obj_user_stresssched_end
 .data          0x00000080042a5c4c    0x164b8 obj/user/faultdie
                0x00000080042a5c4c                _binary_obj_user_faultdie_start
                0x00000080042bc104                _binary_obj_user_faultdie_end
 .data          0x00000080042bc104    0x177c0 obj/user/faultregs
                0x00000080042bc104                _binary_obj_user_faultregs_start
                0x00000080042d38c4                _binary_obj_user_faultregs_end
 .data          0x00000080042d38c4    0x164da obj/user/faultalloc
                0x00000080042d38c4                _binary_obj_user_faultalloc_start
                0x00000080042e9d9e                _binary_obj_user_faultalloc_end
 .data          0x00000080042e9d9e    0x164e5 obj/user/faultallocbad
                0x00000080042e9d9e                _binary_obj_user_faultallocbad_start
                0x0000008004300283                _binary_obj_user_faultallocbad_end
 .data          0x0000008004300283    0x16214 obj/user/faultnostack
                0x0000008004300283                _binary_obj_user_faultnostack_start
                0x0000008004316497                _binary_obj_user_faultnostack_end
 .data          0x0000008004316497    0x15c68 obj/user/faultbadhandler
                0x0000008004316497                _binary_obj_user_faultbadhandler_start
                0x000000800432c0ff                _binary_obj_user_faultbadhandler_end
 .data          0x000000800432c0ff    0x15c71 obj/user/faultevilhandler
                0x000000800432c0ff                _binary_obj_user_faultevilhandler_start
                0x0000008004341d70                _binary_obj_user_faultevilhandler_end
 .data          0x0000008004341d70    0x1839d obj/user/forktree
                0x0000008004341d70                _binary_obj_user_forktree_start
                0x000000800435a10d                _binary_obj_user_forktree_end
 .data          0x000000800435a10d    0x187b4 obj/user/sendpage
                0x000000800435a10d                _binary_obj_user_sendpage_start
                0x00000080043728c1                _binary_obj_user_sendpage_end
 .data          0x00000080043728c1    0x181f6 obj/user/spin
                0x00000080043728c1                _binary_obj_user_spin_start
                0x000000800438aab7                _binary_obj_user_spin_end
 .data          0x000000800438aab7    0x161f1 obj/user/fairness
                0x000000800438aab7                _binary_obj_user_fairness_start
                0x00000080043a0ca8                _binary_obj_user_fairness_end
 .data          0x00000080043a0ca8    0x18232 obj/user/pingpong
                0x00000080043a0ca8                _binary_obj_user_pingpong_start
                0x00000080043b8eda                _binary_obj_user_pingpong_end
 .data          0x00000080043b8eda    0x1877f obj/user/pingpongs
                0x00000080043b8eda                _binary_obj_user_pingpongs_start
                0x00000080043d1659                _binary_obj_user_pingpongs_end
 .data          0x00000080043d1659    0x1883a obj/user/primes
                0x00000080043d1659                _binary_obj_user_primes_start
                0x00000080043e9e93                _binary_obj_user_primes_end
 .data          0x00000080043e9e93    0x1758b obj/user/testfile
                0x00000080043e9e93                _binary_obj_user_testfile_start
                0x000000800440141e                _binary_obj_user_testfile_end
 .data          0x000000800440141e    0x15d0a obj/user/writemotd
                0x000000800440141e                _binary_obj_user_writemotd_start
                0x0000008004417128                _binary_obj_user_writemotd_end
 .data          0x0000008004417128    0x18771 obj/user/spawnhello
                0x0000008004417128                _binary_obj_user_spawnhello_start
                0x000000800442f899                _binary_obj_user_spawnhello_end
 .data          0x000000800442f899    0x182b4 obj/user/icode
                0x000000800442f899                _binary_obj_user_icode_start
                0x0000008004447b4d                _binary_obj_user_icode_end
 .data          0x0000008004447b4d    0x27764 obj/fs/fs
                0x0000008004447b4d                _binary_obj_fs_fs_start
                0x000000800446f2b1                _binary_obj_fs_fs_end
 .data          0x000000800446f2b1    0x15e87 obj/user/testtime
                0x000000800446f2b1                _binary_obj_user_testtime_start
                0x0000008004485138                _binary_obj_user_testtime_end
 .data          0x0000008004485138    0x19027 obj/user/httpd
                0x0000008004485138                _binary_obj_user_httpd_start
                0x000000800449e15f                _binary_obj_user_httpd_end
 .data          0x000000800449e15f    0x16bb8 obj/user/echosrv
                0x000000800449e15f                _binary_obj_user_echosrv_start
                0x00000080044b4d17                _binary_obj_user_echosrv_end
 .data          0x00000080044b4d17    0x16aef obj/user/echotest
                0x00000080044b4d17                _binary_obj_user_echotest_start
                0x00000080044cb806                _binary_obj_user_echotest_end
 .data          0x00000080044cb806    0x18d11 obj/net/testoutput
                0x00000080044cb806                _binary_obj_net_testoutput_start
                0x00000080044e4517                _binary_obj_net_testoutput_end
 .data          0x00000080044e4517    0x19d4b obj/net/testinput
                0x00000080044e4517                _binary_obj_net_testinput_start
                0x00000080044fe262                _binary_obj_net_testinput_end
 .data          0x00000080044fe262    0x644eb obj/net/ns
                0x00000080044fe262                _binary_obj_net_ns_start
                0x000000800456274d                _binary_obj_net_ns_end
 .data          0x000000800456274d    0x1b12e obj/user/testpteshare
                0x000000800456274d                _binary_obj_user_testpteshare_start
                0x000000800457d87b                _binary_obj_user_testpteshare_end
 .data          0x000000800457d87b    0x18b34 obj/user/testfdsharing
                0x000000800457d87b                _binary_obj_user_testfdsharing_start
                0x00000080045963af                _binary_obj_user_testfdsharing_end
 .data          0x00000080045963af    0x1901a obj/user/testpipe
                0x00000080045963af                _binary_obj_user_testpipe_start
                0x00000080045af3c9                _binary_obj_user_testpipe_end
 .data          0x00000080045af3c9    0x188fe obj/user/testpiperace
                0x00000080045af3c9                _binary_obj_user_testpiperace_start
                0x00000080045c7cc7                _binary_obj_user_testpiperace_end
 .data          0x00000080045c7cc7    0x188cf obj/user/testpiperace2
                0x00000080045c7cc7                _binary_obj_user_testpiperace2_start
                0x00000080045e0596                _binary_obj_user_testpiperace2_end
 .data          0x00000080045e0596    0x183b6 obj/user/primespipe
                0x00000080045e0596                _binary_obj_user_primespipe_start
                0x00000080045f894c                _binary_obj_user_primespipe_end
 .data          0x00000080045f894c    0x168cb obj/user/testkbd
                0x00000080045f894c                _binary_obj_user_testkbd_start
                0x000000800460f217                _binary_obj_user_testkbd_end
 .data          0x000000800460f217    0x1b1cb obj/user/testshell
                0x000000800460f217                _binary_obj_user_testshell_start
                0x000000800462a3e2                _binary_obj_user_testshell_end
 .data          0x000000800462a3e2    0x168ae obj/user/fputest
                0x000000800462a3e2                _binary_obj_user_fputest_start
                0x0000008004640c90                _binary_obj_user_fputest_end
 .data          0x0000008004640c90    0x187be obj/user/snapshottest
                0x0000008004640c90                _binary_obj_user_snapshottest_start
                0x000000800465944e                _binary_obj_user_snapshottest_end
 .data          0x000000800465944e    0x18659 obj/user/ehandlertest
                0x000000800465944e                _binary_obj_user_ehandlertest_start
                0x0000008004671aa7                _binary_obj_user_ehandlertest_end
 .data          0x0000008004671aa7    0x18bbf obj/user/forktest
                0x0000008004671aa7                _binary_obj_user_forktest_start
                0x000000800468a666                _binary_obj_user_forktest_end
 .data          0x000000800468a666    0x15c6f obj/user/printa
                0x000000800468a666                _binary_obj_user_printa_start
                0x00000080046a02d5                _binary_obj_user_printa_end
 .data          0x00000080046a02d5    0x15c6f obj/user/printb
                0x00000080046a02d5                _binary_obj_user_printb_start
                0x00000080046b5f44                _binary_obj_user_printb_end
 .data          0x00000080046b5f44    0x15c6f obj/user/printd
                0x00000080046b5f44                _binary_obj_user_printd_start
                0x00000080046cbbb3                _binary_obj_user_printd_end
 .data          0x00000080046cbbb3    0x186b6 obj/user/matrix
                0x00000080046cbbb3                _binary_obj_user_matrix_start
                0x00000080046e4269                _binary_obj_user_matrix_end
 .data          0x00000080046e4269    0x1b387 obj/user/powerseries
                0x00000080046e4269                _binary_obj_user_powerseries_start
                0x00000080046ff5f0                _binary_obj_user_powerseries_end
                0x00000080046ff5f0                PROVIDE (edata, .)

.igot.plt       0x00000080046ff5f0        0x0 load address 0x00000000006ff5f0
 .igot.plt      0x0000000000000000        0x0 obj/kern/bootstrap.o

.bss            0x0000008004700000    0x841c0 load address 0x0000000000700000
 *(EXCLUDE_FILE(obj/kern/bootstrap.o) .bss)
 .bss           0x0000008004700000        0x0 obj/kern/entry.o
 .bss           0x0000008004700000        0x0 obj/kern/init.o
 .bss           0x0000008004700000      0x22c obj/kern/console.o
 .bss           0x000000800470022c        0x0 obj/kern/monitor.o
 *fill*         0x000000800470022c        0x4 
 .bss           0x0000008004700230       0x20 obj/kern/pmap.o
                0x0000008004700230                boot_bis
                0x0000008004700238                schedqueue
 .bss           0x0000008004700250       0x10 obj/kern/env.o
                0x0000008004700250                envs
 .bss           0x0000008004700260        0x0 obj/kern/kclock.o
 .bss           0x0000008004700260        0x1 obj/kern/picirq.o
 .bss           0x0000008004700261        0x0 obj/kern/printf.o
 *fill*         0x0000008004700261       0x1f 
 .bss           0x0000008004700280     0x1090 obj/kern/trap.o
                0x0000008004700280                idt
                0x0000008004701280                idt_pd
 .bss           0x0000008004701310        0x0 obj/kern/trapentry.o
 .bss           0x0000008004701310       0x10 obj/kern/sched.o
                0x0000008004701310                sched_act_queue
                0x0000008004701318                sched_exp_queue
 .bss           0x0000008004701320        0x0 obj/kern/syscall.o
 .bss           0x0000008004701320        0x8 obj/kern/kdebug.o
 .bss           0x0000008004701328        0x4 obj/kern/printfmt.o
                0x0000008004701328                color_parsing
 *fill*         0x000000800470132c       0x14 
 .bss           0x0000008004701340      0x400 obj/kern/readline.o
 .bss           0x0000008004701740        0x0 obj/kern/string.o
 .bss           0x0000008004701740        0x0 obj/kern/libdwarf_rw.o
 .bss           0x0000008004701740       0x68 obj/kern/libdwarf_frame.o
                0x0000008004701740                global_rt_table
                0x0000008004701780                global_rt_table_shadow
 .bss           0x00000080047017a8        0x0 obj/kern/libdwarf_lineno.o
 .bss           0x00000080047017a8        0x0 obj/kern/elf_rw.o
 .bss           0x00000080047017a8        0x0 obj/kern/mmutils.o
 .bss           0x00000080047017a8       0x10 obj/kern/pmaputils.o
                0x00000080047017a8                bis
                0x00000080047017b0                bis_end
 .bss           0x00000080047017b8       0x18 obj/kern/disasm/disasm.o
 .bss           0x00000080047017d0        0x0 obj/kern/mpentry.o
 .bss           0x00000080047017d0        0x0 obj/kern/mpconfig.o
 .bss           0x00000080047017d0        0x0 obj/kern/lapic.o
 .bss           0x00000080047017d0        0x0 obj/kern/spinlock.o
 .bss           0x00000080047017d0        0x0 obj/kern/e1000.o
 .bss           0x00000080047017d0       0x30 obj/kern/pci.o
                0x00000080047017d0                pci_attach_vendor
 .bss           0x0000008004701800        0x4 obj/kern/time.o
 *fill*         0x0000008004701804        0x4 
 COMMON         0x0000008004701808       0x18 obj/kern/init.o
                0x0000008004701808                end_debug
                0x0000008004701810                panicstr
                0x0000008004701818                mpentry_kstack
 COMMON         0x0000008004701820       0x30 obj/kern/pmap.o
                0x0000008004701820                npages_basemem
                0x0000008004701828                page_free_list
                0x0000008004701830                boot_cr3
                0x0000008004701838                boot_pml4e
                0x0000008004701840                npages
                0x0000008004701848                pages
 *fill*         0x0000008004701850       0x10 
 COMMON         0x0000008004701860      0x160 obj/kern/kdebug.o
                0x0000008004701860                mydebug
                0x00000080047018c0                _cie
                0x0000008004701940                _fde
 COMMON         0x00000080047019c0      0xc70 obj/kern/libdwarf_frame.o
                0x00000080047019c0                global_rules_shadow
                0x0000008004702000                global_rules
 *fill*         0x0000008004702630       0x10 
 COMMON         0x0000008004702640      0x200 obj/kern/libdwarf_lineno.o
                0x0000008004702640                global_std_op
 *fill*         0x0000008004702840      0x7c0 
 COMMON         0x0000008004703000    0x81000 obj/kern/mpconfig.o
                0x0000008004703000                ismp
                0x0000008004703020                cpus
                0x00000080047033e0                bootcpu
                0x00000080047033e8                ncpu
                0x0000008004704000                percpu_kstacks
 COMMON         0x0000008004784000       0x10 obj/kern/lapic.o
                0x0000008004784000                lapicaddr
                0x0000008004784008                lapic
 *fill*         0x0000008004784010       0x10 
 COMMON         0x0000008004784020      0x1a0 obj/kern/spinlock.o
                0x0000008004784020                g_locks
                0x00000080047841c0                PROVIDE (end, .)

.debug
 *(.debug)

.line
 *(.line)

.debug_srcinfo
 *(.debug_srcinfo)

.debug_sfnames
 *(.debug_sfnames)

.debug_aranges  0x0000000000000000      0x5d0
 *(.debug_aranges)
 .debug_aranges
                0x0000000000000000       0x30 obj/kern/bootstrap.o
 .debug_aranges
                0x0000000000000030       0x30 obj/kern/entry.o
 .debug_aranges
                0x0000000000000060       0x30 obj/kern/init.o
 .debug_aranges
                0x0000000000000090       0x30 obj/kern/console.o
 .debug_aranges
                0x00000000000000c0       0x30 obj/kern/monitor.o
 .debug_aranges
                0x00000000000000f0       0x30 obj/kern/pmap.o
 .debug_aranges
                0x0000000000000120       0x30 obj/kern/env.o
 .debug_aranges
                0x0000000000000150       0x30 obj/kern/kclock.o
 .debug_aranges
                0x0000000000000180       0x30 obj/kern/picirq.o
 .debug_aranges
                0x00000000000001b0       0x30 obj/kern/printf.o
 .debug_aranges
                0x00000000000001e0       0x30 obj/kern/trap.o
 .debug_aranges
                0x0000000000000210       0x30 obj/kern/trapentry.o
 .debug_aranges
                0x0000000000000240       0x30 obj/kern/sched.o
 .debug_aranges
                0x0000000000000270       0x30 obj/kern/syscall.o
 .debug_aranges
                0x00000000000002a0       0x30 obj/kern/kdebug.o
 .debug_aranges
                0x00000000000002d0       0x30 obj/kern/printfmt.o
 .debug_aranges
                0x0000000000000300       0x30 obj/kern/readline.o
 .debug_aranges
                0x0000000000000330       0x30 obj/kern/string.o
 .debug_aranges
                0x0000000000000360       0x30 obj/kern/libdwarf_rw.o
 .debug_aranges
                0x0000000000000390       0x30 obj/kern/libdwarf_frame.o
 .debug_aranges
                0x00000000000003c0       0x30 obj/kern/libdwarf_lineno.o
 .debug_aranges
                0x00000000000003f0       0x30 obj/kern/elf_rw.o
 .debug_aranges
                0x0000000000000420       0x30 obj/kern/mmutils.o
 .debug_aranges
                0x0000000000000450       0x30 obj/kern/pmaputils.o
 .debug_aranges
                0x0000000000000480       0x30 obj/kern/disasm/disasm.o
 .debug_aranges
                0x00000000000004b0       0x30 obj/kern/mpentry.o
 .debug_aranges
                0x00000000000004e0       0x30 obj/kern/mpconfig.o
 .debug_aranges
                0x0000000000000510       0x30 obj/kern/lapic.o
 .debug_aranges
                0x0000000000000540       0x30 obj/kern/spinlock.o
 .debug_aranges
                0x0000000000000570       0x30 obj/kern/pci.o
 .debug_aranges
                0x00000000000005a0       0x30 obj/kern/time.o

.debug_pubnames
 *(.debug_pubnames)

.debug_info     0x0000000000000000    0x13962
 *(.debug_info .gnu.linkonce.wi.*)
 .debug_info    0x0000000000000000       0x59 obj/kern/bootstrap.o
 .debug_info    0x0000000000000059       0x55 obj/kern/entry.o
 .debug_info    0x00000000000000ae      0xb4c obj/kern/init.o
 .debug_info    0x0000000000000bfa      0xcc0 obj/kern/console.o
 .debug_info    0x00000000000018ba      0x7f3 obj/kern/monitor.o
 .debug_info    0x00000000000020ad     0x22b1 obj/kern/pmap.o
 .debug_info    0x000000000000435e     0x120a obj/kern/env.o
 .debug_info    0x0000000000005568      0x1ee obj/kern/kclock.o
 .debug_info    0x0000000000005756      0x483 obj/kern/picirq.o
 .debug_info    0x0000000000005bd9      0x2f2 obj/kern/printf.o
 .debug_info    0x0000000000005ecb      0xf87 obj/kern/trap.o
 .debug_info    0x0000000000006e52       0x59 obj/kern/trapentry.o
 .debug_info    0x0000000000006eab      0xa2f obj/kern/sched.o
 .debug_info    0x00000000000078da     0x107f obj/kern/syscall.o
 .debug_info    0x0000000000008959     0x152e obj/kern/kdebug.o
 .debug_info    0x0000000000009e87      0x611 obj/kern/printfmt.o
 .debug_info    0x000000000000a498      0x14b obj/kern/readline.o
 .debug_info    0x000000000000a5e3      0x6a6 obj/kern/string.o
 .debug_info    0x000000000000ac89     0x1425 obj/kern/libdwarf_rw.o
 .debug_info    0x000000000000c0ae     0x1069 obj/kern/libdwarf_frame.o
 .debug_info    0x000000000000d117      0xdf0 obj/kern/libdwarf_lineno.o
 .debug_info    0x000000000000df07      0x96b obj/kern/elf_rw.o
 .debug_info    0x000000000000e872     0x176d obj/kern/mmutils.o
 .debug_info    0x000000000000ffdf      0xce9 obj/kern/pmaputils.o
 .debug_info    0x0000000000010cc8      0x4fa obj/kern/disasm/disasm.o
 .debug_info    0x00000000000111c2       0x57 obj/kern/mpentry.o
 .debug_info    0x0000000000011219      0xc80 obj/kern/mpconfig.o
 .debug_info    0x0000000000011e99      0x8bc obj/kern/lapic.o
 .debug_info    0x0000000000012755      0xa46 obj/kern/spinlock.o
 .debug_info    0x000000000001319b      0x718 obj/kern/pci.o
 .debug_info    0x00000000000138b3       0xaf obj/kern/time.o

.debug_abbrev   0x0000000000000000     0x3569
 *(.debug_abbrev)
 .debug_abbrev  0x0000000000000000       0x14 obj/kern/bootstrap.o
 .debug_abbrev  0x0000000000000014       0x14 obj/kern/entry.o
 .debug_abbrev  0x0000000000000028      0x238 obj/kern/init.o
 .debug_abbrev  0x0000000000000260      0x2c8 obj/kern/console.o
 .debug_abbrev  0x0000000000000528      0x1be obj/kern/monitor.o
 .debug_abbrev  0x00000000000006e6      0x315 obj/kern/pmap.o
 .debug_abbrev  0x00000000000009fb      0x321 obj/kern/env.o
 .debug_abbrev  0x0000000000000d1c      0x102 obj/kern/kclock.o
 .debug_abbrev  0x0000000000000e1e       0xf0 obj/kern/picirq.o
 .debug_abbrev  0x0000000000000f0e      0x112 obj/kern/printf.o
 .debug_abbrev  0x0000000000001020      0x331 obj/kern/trap.o
 .debug_abbrev  0x0000000000001351       0x14 obj/kern/trapentry.o
 .debug_abbrev  0x0000000000001365      0x253 obj/kern/sched.o
 .debug_abbrev  0x00000000000015b8      0x258 obj/kern/syscall.o
 .debug_abbrev  0x0000000000001810      0x26d obj/kern/kdebug.o
 .debug_abbrev  0x0000000000001a7d      0x204 obj/kern/printfmt.o
 .debug_abbrev  0x0000000000001c81       0xab obj/kern/readline.o
 .debug_abbrev  0x0000000000001d2c      0x115 obj/kern/string.o
 .debug_abbrev  0x0000000000001e41      0x1f8 obj/kern/libdwarf_rw.o
 .debug_abbrev  0x0000000000002039      0x22a obj/kern/libdwarf_frame.o
 .debug_abbrev  0x0000000000002263      0x223 obj/kern/libdwarf_lineno.o
 .debug_abbrev  0x0000000000002486      0x1e0 obj/kern/elf_rw.o
 .debug_abbrev  0x0000000000002666      0x27e obj/kern/mmutils.o
 .debug_abbrev  0x00000000000028e4      0x2d2 obj/kern/pmaputils.o
 .debug_abbrev  0x0000000000002bb6      0x100 obj/kern/disasm/disasm.o
 .debug_abbrev  0x0000000000002cb6       0x14 obj/kern/mpentry.o
 .debug_abbrev  0x0000000000002cca      0x23d obj/kern/mpconfig.o
 .debug_abbrev  0x0000000000002f07      0x1ed obj/kern/lapic.o
 .debug_abbrev  0x00000000000030f4      0x248 obj/kern/spinlock.o
 .debug_abbrev  0x000000000000333c      0x1b5 obj/kern/pci.o
 .debug_abbrev  0x00000000000034f1       0x78 obj/kern/time.o

.debug_line     0x0000000000000000     0x4cae
 *(.debug_line)
 .debug_line    0x0000000000000000       0x99 obj/kern/bootstrap.o
 .debug_line    0x0000000000000099       0x51 obj/kern/entry.o
 .debug_line    0x00000000000000ea      0x1a2 obj/kern/init.o
 .debug_line    0x000000000000028c      0x2ab obj/kern/console.o
 .debug_line    0x0000000000000537      0x186 obj/kern/monitor.o
 .debug_line    0x00000000000006bd      0xd8c obj/kern/pmap.o
 .debug_line    0x0000000000001449      0x36d obj/kern/env.o
 .debug_line    0x00000000000017b6       0x86 obj/kern/kclock.o
 .debug_line    0x000000000000183c       0xa8 obj/kern/picirq.o
 .debug_line    0x00000000000018e4       0xc5 obj/kern/printf.o
 .debug_line    0x00000000000019a9      0x2de obj/kern/trap.o
 .debug_line    0x0000000000001c87       0x75 obj/kern/trapentry.o
 .debug_line    0x0000000000001cfc      0x1fd obj/kern/sched.o
 .debug_line    0x0000000000001ef9      0x2bc obj/kern/syscall.o
 .debug_line    0x00000000000021b5      0x1d0 obj/kern/kdebug.o
 .debug_line    0x0000000000002385      0x2c7 obj/kern/printfmt.o
 .debug_line    0x000000000000264c       0x8c obj/kern/readline.o
 .debug_line    0x00000000000026d8      0x1e8 obj/kern/string.o
 .debug_line    0x00000000000028c0      0x45a obj/kern/libdwarf_rw.o
 .debug_line    0x0000000000002d1a      0x4f2 obj/kern/libdwarf_frame.o
 .debug_line    0x000000000000320c      0x208 obj/kern/libdwarf_lineno.o
 .debug_line    0x0000000000003414      0x229 obj/kern/elf_rw.o
 .debug_line    0x000000000000363d      0x55b obj/kern/mmutils.o
 .debug_line    0x0000000000003b98      0x8fe obj/kern/pmaputils.o
 .debug_line    0x0000000000004496       0xeb obj/kern/disasm/disasm.o
 .debug_line    0x0000000000004581       0x74 obj/kern/mpentry.o
 .debug_line    0x00000000000045f5      0x1c7 obj/kern/mpconfig.o
 .debug_line    0x00000000000047bc      0x15e obj/kern/lapic.o
 .debug_line    0x000000000000491a      0x167 obj/kern/spinlock.o
 .debug_line    0x0000000000004a81        0x0 obj/kern/e1000.o
 .debug_line    0x0000000000004a81      0x1e0 obj/kern/pci.o
 .debug_line    0x0000000000004c61       0x4d obj/kern/time.o

.debug_frame
 *(.debug_frame)

.debug_str      0x0000000000000000     0x3198
 *(.debug_str)
 .debug_str     0x0000000000000000      0x60d obj/kern/init.o
                                        0x697 (size before relaxing)
 .debug_str     0x000000000000060d      0x162 obj/kern/console.o
                                        0x2ca (size before relaxing)
 .debug_str     0x000000000000076f      0x153 obj/kern/monitor.o
                                        0x437 (size before relaxing)
 .debug_str     0x00000000000008c2      0x579 obj/kern/pmap.o
                                        0xb1d (size before relaxing)
 .debug_str     0x0000000000000e3b      0x28a obj/kern/env.o
                                        0x8fe (size before relaxing)
 .debug_str     0x00000000000010c5       0x31 obj/kern/kclock.o
                                        0x16e (size before relaxing)
 .debug_str     0x00000000000010f6       0x30 obj/kern/picirq.o
                                        0x1a1 (size before relaxing)
 .debug_str     0x0000000000001126       0x17 obj/kern/printf.o
                                        0x1fc (size before relaxing)
 .debug_str     0x000000000000113d      0x1b1 obj/kern/trap.o
                                        0x7f2 (size before relaxing)
 .debug_str     0x00000000000012ee       0x92 obj/kern/sched.o
                                        0x64b (size before relaxing)
 .debug_str     0x0000000000001380      0x2f9 obj/kern/syscall.o
                                        0x941 (size before relaxing)
 .debug_str     0x0000000000001679      0x905 obj/kern/kdebug.o
                                        0xfbc (size before relaxing)
 .debug_str     0x0000000000001f7e       0x9d obj/kern/printfmt.o
                                        0x336 (size before relaxing)
 .debug_str     0x000000000000201b       0x27 obj/kern/readline.o
                                        0x1af (size before relaxing)
 .debug_str     0x0000000000002042       0x9e obj/kern/string.o
                                        0x1fc (size before relaxing)
 .debug_str     0x00000000000020e0      0x262 obj/kern/libdwarf_rw.o
                                        0xbf2 (size before relaxing)
 .debug_str     0x0000000000002342      0x2dd obj/kern/libdwarf_frame.o
                                        0xb4b (size before relaxing)
 .debug_str     0x000000000000261f      0x1bd obj/kern/libdwarf_lineno.o
                                        0xb99 (size before relaxing)
 .debug_str     0x00000000000027dc      0x1b7 obj/kern/elf_rw.o
                                        0x456 (size before relaxing)
 .debug_str     0x0000000000002993      0x347 obj/kern/mmutils.o
                                        0x898 (size before relaxing)
 .debug_str     0x0000000000002cda      0x114 obj/kern/pmaputils.o
                                        0x444 (size before relaxing)
 .debug_str     0x0000000000002dee       0x5b obj/kern/disasm/disasm.o
                                        0x33c (size before relaxing)
 .debug_str     0x0000000000002e49       0xbe obj/kern/mpconfig.o
                                        0x631 (size before relaxing)
 .debug_str     0x0000000000002f07       0x59 obj/kern/lapic.o
                                        0x586 (size before relaxing)
 .debug_str     0x0000000000002f60       0x4d obj/kern/spinlock.o
                                        0x658 (size before relaxing)
 .debug_str     0x0000000000002fad        0x0 obj/kern/e1000.o
 .debug_str     0x0000000000002fad      0x1c5 obj/kern/pci.o
                                        0x341 (size before relaxing)
 .debug_str     0x0000000000003172       0x26 obj/kern/time.o
                                         0xfd (size before relaxing)

.debug_loc      0x0000000000000000     0x6ca0
 *(.debug_loc)
 .debug_loc     0x0000000000000000      0x264 obj/kern/init.o
 .debug_loc     0x0000000000000264      0x6c0 obj/kern/console.o
 .debug_loc     0x0000000000000924      0x1e0 obj/kern/monitor.o
 .debug_loc     0x0000000000000b04      0xc00 obj/kern/pmap.o
 .debug_loc     0x0000000000001704      0x638 obj/kern/env.o
 .debug_loc     0x0000000000001d3c       0xc0 obj/kern/kclock.o
 .debug_loc     0x0000000000001dfc      0x120 obj/kern/picirq.o
 .debug_loc     0x0000000000001f1c      0x1e0 obj/kern/printf.o
 .debug_loc     0x00000000000020fc      0x3f8 obj/kern/trap.o
 .debug_loc     0x00000000000024f4      0x360 obj/kern/sched.o
 .debug_loc     0x0000000000002854      0x998 obj/kern/syscall.o
 .debug_loc     0x00000000000031ec       0xc0 obj/kern/kdebug.o
 .debug_loc     0x00000000000032ac      0x300 obj/kern/printfmt.o
 .debug_loc     0x00000000000035ac       0x60 obj/kern/readline.o
 .debug_loc     0x000000000000360c      0x660 obj/kern/string.o
 .debug_loc     0x0000000000003c6c      0x900 obj/kern/libdwarf_rw.o
 .debug_loc     0x000000000000456c      0x540 obj/kern/libdwarf_frame.o
 .debug_loc     0x0000000000004aac      0x180 obj/kern/libdwarf_lineno.o
 .debug_loc     0x0000000000004c2c      0x240 obj/kern/elf_rw.o
 .debug_loc     0x0000000000004e6c      0xab4 obj/kern/mmutils.o
 .debug_loc     0x0000000000005920      0x6c0 obj/kern/pmaputils.o
 .debug_loc     0x0000000000005fe0      0x120 obj/kern/disasm/disasm.o
 .debug_loc     0x0000000000006100      0x1e0 obj/kern/mpconfig.o
 .debug_loc     0x00000000000062e0      0x2a0 obj/kern/lapic.o
 .debug_loc     0x0000000000006580      0x240 obj/kern/spinlock.o
 .debug_loc     0x00000000000067c0      0x3c0 obj/kern/pci.o
 .debug_loc     0x0000000000006b80      0x120 obj/kern/time.o

.comment        0x0000000000000000       0x29
 .comment       0x0000000000000000       0x29 obj/kern/init.o
                                         0x2a (size before relaxing)
 .comment       0x0000000000000000       0x2a obj/kern/console.o
 .comment       0x0000000000000000       0x2a obj/kern/monitor.o
 .comment       0x0000000000000000       0x2a obj/kern/pmap.o
 .comment       0x0000000000000000       0x2a obj/kern/env.o
 .comment       0x0000000000000000       0x2a obj/kern/kclock.o
 .comment       0x0000000000000000       0x2a obj/kern/picirq.o
 .comment       0x0000000000000000       0x2a obj/kern/printf.o
 .comment       0x0000000000000000       0x2a obj/kern/trap.o
 .comment       0x0000000000000000       0x2a obj/kern/sched.o
 .comment       0x0000000000000000       0x2a obj/kern/syscall.o
 .comment       0x0000000000000000       0x2a obj/kern/kdebug.o
 .comment       0x0000000000000000       0x2a obj/kern/printfmt.o
 .comment       0x0000000000000000       0x2a obj/kern/readline.o
 .comment       0x0000000000000000       0x2a obj/kern/string.o
 .comment       0x0000000000000000       0x2a obj/kern/libdwarf_rw.o
 .comment       0x0000000000000000       0x2a obj/kern/libdwarf_frame.o
 .comment       0x0000000000000000       0x2a obj/kern/libdwarf_lineno.o
 .comment       0x0000000000000000       0x2a obj/kern/elf_rw.o
 .comment       0x0000000000000000       0x2a obj/kern/mmutils.o
 .comment       0x0000000000000000       0x2a obj/kern/pmaputils.o
 .comment       0x0000000000000000       0x2a obj/kern/disasm/disasm.o
 .comment       0x0000000000000000       0x2a obj/kern/mpconfig.o
 .comment       0x0000000000000000       0x2a obj/kern/lapic.o
 .comment       0x0000000000000000       0x2a obj/kern/spinlock.o
 .comment       0x0000000000000000       0x2a obj/kern/e1000.o
 .comment       0x0000000000000000       0x2a obj/kern/pci.o
 .comment       0x0000000000000000       0x2a obj/kern/time.o

.debug_macinfo
 *(.debug_macinfo)

.debug_weaknames
 *(.debug_weaknames)

.debug_funcnames
 *(.debug_funcnames)

.debug_typenames
 *(.debug_typenames)

.debug_varnames
 *(.debug_varnames)

/DISCARD/
 *(.note.GNU-stack)
LOAD obj/kern/entry.o
LOAD obj/kern/bootstrap.o
LOAD obj/kern/init.o
LOAD obj/kern/console.o
LOAD obj/kern/monitor.o
LOAD obj/kern/pmap.o
LOAD obj/kern/env.o
LOAD obj/kern/kclock.o
LOAD obj/kern/picirq.o
LOAD obj/kern/printf.o
LOAD obj/kern/trap.o
LOAD obj/kern/trapentry.o
LOAD obj/kern/sched.o
LOAD obj/kern/syscall.o
LOAD obj/kern/kdebug.o
LOAD obj/kern/printfmt.o
LOAD obj/kern/readline.o
LOAD obj/kern/string.o
LOAD obj/kern/libdwarf_rw.o
LOAD obj/kern/libdwarf_frame.o
LOAD obj/kern/libdwarf_lineno.o
LOAD obj/kern/elf_rw.o
LOAD obj/kern/mmutils.o
LOAD obj/kern/pmaputils.o
LOAD obj/kern/disasm/disasm.o
LOAD obj/kern/mpentry.o
LOAD obj/kern/mpconfig.o
LOAD obj/kern/lapic.o
LOAD obj/kern/spinlock.o
LOAD obj/kern/e1000.o
LOAD obj/kern/pci.o
LOAD obj/kern/time.o
LOAD /usr/lib/gcc/x86_64-linux-gnu/4.8/libgcc.a
TARGET(binary)
LOAD obj/user/hello
LOAD obj/user/idle
LOAD obj/user/yield
LOAD obj/user/dumbfork
LOAD obj/user/stresssched
LOAD obj/user/faultdie
LOAD obj/user/faultregs
LOAD obj/user/faultalloc
LOAD obj/user/faultallocbad
LOAD obj/user/faultnostack
LOAD obj/user/faultbadhandler
LOAD obj/user/faultevilhandler
LOAD obj/user/forktree
LOAD obj/user/sendpage
LOAD obj/user/spin
LOAD obj/user/fairness
LOAD obj/user/pingpong
LOAD obj/user/pingpongs
LOAD obj/user/primes
LOAD obj/user/testfile
LOAD obj/user/writemotd
LOAD obj/user/spawnhello
LOAD obj/user/icode
LOAD obj/fs/fs
LOAD obj/user/testtime
LOAD obj/user/httpd
LOAD obj/user/echosrv
LOAD obj/user/echotest
LOAD obj/net/testoutput
LOAD obj/net/testinput
LOAD obj/net/ns
LOAD obj/user/testpteshare
LOAD obj/user/testfdsharing
LOAD obj/user/testpipe
LOAD obj/user/testpiperace
LOAD obj/user/testpiperace2
LOAD obj/user/primespipe
LOAD obj/user/testkbd
LOAD obj/user/testshell
LOAD obj/user/fputest
LOAD obj/user/snapshottest
LOAD obj/user/ehandlertest
LOAD obj/user/forktest
LOAD obj/user/printa
LOAD obj/user/printb
LOAD obj/user/printd
LOAD obj/user/matrix
LOAD obj/user/powerseries
OUTPUT(obj/kern/kernel elf64-x86-64)
