
Allocating common symbols
Common symbol       size              file

global_rules_shadow
                    0x630             obj/kern/libdwarf_frame.o
ismp                0x4               obj/kern/mpconfig.o
npages_basemem      0x8               obj/kern/pmap.o
lapicaddr           0x8               obj/kern/lapic.o
end_debug           0x8               obj/kern/init.o
page_free_list      0x8               obj/kern/pmap.o
mydebug             0x60              obj/kern/kdebug.o
panicstr            0x8               obj/kern/init.o
boot_cr3            0x8               obj/kern/pmap.o
mpentry_kstack      0x8               obj/kern/init.o
cpus                0x3c0             obj/kern/mpconfig.o
global_std_op       0x200             obj/kern/libdwarf_lineno.o
lapic               0x8               obj/kern/lapic.o
bootcpu             0x8               obj/kern/mpconfig.o
g_locks             0x1a0             obj/kern/spinlock.o
_cie                0x78              obj/kern/kdebug.o
global_rules        0x630             obj/kern/libdwarf_frame.o
boot_pml4e          0x8               obj/kern/pmap.o
ncpu                0x4               obj/kern/mpconfig.o
_fde                0x80              obj/kern/kdebug.o
npages              0x8               obj/kern/pmap.o
pages               0x8               obj/kern/pmap.o
percpu_kstacks      0x80000           obj/kern/mpconfig.o

Discarded input sections

 .note.GNU-stack
                0x0000000000000000        0x0 obj/kern/init.o
 .note.GNU-stack
                0x0000000000000000        0x0 obj/kern/console.o
 .note.GNU-stack
                0x0000000000000000        0x0 obj/kern/monitor.o
 .note.GNU-stack
                0x0000000000000000        0x0 obj/kern/pmap.o
 .note.GNU-stack
                0x0000000000000000        0x0 obj/kern/env.o
 .note.GNU-stack
                0x0000000000000000        0x0 obj/kern/kclock.o
 .note.GNU-stack
                0x0000000000000000        0x0 obj/kern/picirq.o
 .note.GNU-stack
                0x0000000000000000        0x0 obj/kern/printf.o
 .note.GNU-stack
                0x0000000000000000        0x0 obj/kern/trap.o
 .note.GNU-stack
                0x0000000000000000        0x0 obj/kern/sched.o
 .note.GNU-stack
                0x0000000000000000        0x0 obj/kern/syscall.o
 .note.GNU-stack
                0x0000000000000000        0x0 obj/kern/kdebug.o
 .note.GNU-stack
                0x0000000000000000        0x0 obj/kern/printfmt.o
 .note.GNU-stack
                0x0000000000000000        0x0 obj/kern/readline.o
 .note.GNU-stack
                0x0000000000000000        0x0 obj/kern/string.o
 .note.GNU-stack
                0x0000000000000000        0x0 obj/kern/libdwarf_rw.o
 .note.GNU-stack
                0x0000000000000000        0x0 obj/kern/libdwarf_frame.o
 .note.GNU-stack
                0x0000000000000000        0x0 obj/kern/libdwarf_lineno.o
 .note.GNU-stack
                0x0000000000000000        0x0 obj/kern/elf_rw.o
 .note.GNU-stack
                0x0000000000000000        0x0 obj/kern/mmutils.o
 .note.GNU-stack
                0x0000000000000000        0x0 obj/kern/pmaputils.o
 .note.GNU-stack
                0x0000000000000000        0x0 obj/kern/disasm/disasm.o
 .note.GNU-stack
                0x0000000000000000        0x0 obj/kern/mpconfig.o
 .note.GNU-stack
                0x0000000000000000        0x0 obj/kern/lapic.o
 .note.GNU-stack
                0x0000000000000000        0x0 obj/kern/spinlock.o

Memory Configuration

Name             Origin             Length             Attributes
*default*        0x0000000000000000 0xffffffffffffffff

Linker script and memory map

                0x0000000000100000                . = 0x100000

.bootstrap      0x0000000000100000     0x7004
 obj/kern/bootstrap.o(.text .data .bss)
 .text          0x0000000000100000      0x115 obj/kern/bootstrap.o
                0x0000000000100000                _head64
                0x00000000001000e5                jumpto_longmode
 *fill*         0x0000000000100115      0xeeb 
 .data          0x0000000000101000     0x6004 obj/kern/bootstrap.o
                0x0000000000102000                pml4phys
                0x0000000000107000                multiboot_info
 .bss           0x0000000000107004        0x0 obj/kern/bootstrap.o
                0x0000008004200000                . = 0x8004200000

.text           0x0000008004200000    0x1bd49 load address 0x0000000000200000
 *(EXCLUDE_FILE(obj/kern/bootstrap.o) .text .stub .text.* .gnu.linkonce.t.*)
 .text          0x0000008004200000       0x58 obj/kern/entry.o
                0x000000800420000c                entry
                0x000000000020000c                _start
 .text          0x0000008004200058      0x70b obj/kern/init.o
                0x000000800420010a                i386_init
                0x0000008004200474                mp_main
                0x000000800420053f                _panic
                0x0000008004200676                _warn
 .text          0x0000008004200763      0xb7f obj/kern/console.o
                0x00000080042007f3                serial_intr
                0x0000008004201069                kbd_intr
                0x0000008004201143                cons_getc
                0x0000008004201237                cons_init
                0x0000008004201290                cputchar
                0x00000080042012ae                getchar
                0x00000080042012d0                iscons
 .text          0x00000080042012e2      0x739 obj/kern/monitor.o
                0x00000080042012e2                mon_help
                0x0000008004201379                mon_kerninfo
                0x0000008004201507                mon_backtrace
                0x000000800420192b                monitor
 .text          0x0000008004201a1b     0x5b93 obj/kern/pmap.o
                0x0000008004201b62                restrictive_type
                0x00000080042024df                x64_vm_init
                0x0000008004202ad5                page_init
                0x0000008004202ce0                page_alloc
                0x0000008004202d7f                page_free
                0x0000008004202e11                page_decref
                0x0000008004202e6e                pml4e_walk
                0x0000008004203080                pdpe_walk
                0x0000008004203292                pgdir_walk
                0x000000800420362a                page_insert
                0x0000008004203778                page_lookup
                0x00000080042037ed                page_remove
                0x0000008004203860                tlb_invalidate
                0x0000008004203931                mmio_map_region
                0x0000008004203a36                user_mem_check
                0x0000008004203bbb                user_mem_assert
 .text          0x00000080042075ae     0x16a0 obj/kern/env.o
                0x0000008004207784                envid2env
                0x00000080042078f1                env_init
                0x0000008004207aaf                env_init_percpu
                0x0000008004207c18                env_alloc
                0x0000008004208006                load_icode
                0x0000008004208285                env_create
                0x0000008004208325                env_free
                0x0000008004208877                env_destroy
                0x0000008004208969                env_pop_tf
                0x0000008004208a51                env_run
 .text          0x0000008004208c4e       0x7c obj/kern/kclock.o
                0x0000008004208c4e                mc146818_read
                0x0000008004208c8a                mc146818_write
 .text          0x0000008004208cca      0x243 obj/kern/picirq.o
                0x0000008004208cca                pic_init
                0x0000008004208e1c                irq_setmask_8259A
 .text          0x0000008004208f0d      0x2a3 obj/kern/printf.o
                0x0000008004209057                vcprintf
                0x00000080042090b6                cprintf
 .text          0x00000080042091b0     0x19bd obj/kern/trap.o
                0x00000080042092c1                trap_init
                0x0000008004209628                trap_init_percpu
                0x00000080042099f3                print_trapframe
                0x0000008004209d0d                print_regs
                0x000000800420a20e                trap
                0x000000800420a582                page_fault_handler
                0x000000800420a91a                user_exception_handler
 *fill*         0x000000800420ab6d        0x1 
 .text          0x000000800420ab6e      0x1c9 obj/kern/trapentry.o
                0x000000800420ab6e                __trap_divide
                0x000000800420ab78                __trap_debug
                0x000000800420ab82                __trap_nmi
                0x000000800420ab8c                __trap_brkpt
                0x000000800420ab96                __trap_oflow
                0x000000800420aba0                __trap_bound
                0x000000800420abaa                __trap_illop
                0x000000800420abb4                __trap_device
                0x000000800420abbe                __trap_dblflt
                0x000000800420abc6                __trap_tss
                0x000000800420abce                __trap_segnp
                0x000000800420abd6                __trap_stack
                0x000000800420abde                __trap_gpflt
                0x000000800420abe6                __trap_pgflt
                0x000000800420abee                __trap_fperr
                0x000000800420abf8                __trap_align
                0x000000800420ac00                __trap_mchk
                0x000000800420ac0a                __trap_simderr
                0x000000800420ac14                __trap_syscall
                0x000000800420ac1e                __irq_timer
                0x000000800420ac28                __irq_kbd
                0x000000800420ac32                __irq_serial
                0x000000800420ac3c                __irq_spurious
                0x000000800420ac46                __irq_ide
                0x000000800420ac50                __irq_error
                0x000000800420ac59                _alltraps
 .text          0x000000800420ad37      0x7fc obj/kern/sched.o
                0x000000800420adeb                sched_init
                0x000000800420aec1                sched_enqueue
                0x000000800420af4d                sched_dequeue
                0x000000800420afc4                sched_swapqueue
                0x000000800420b00a                sched_free
                0x000000800420b197                sched_yield
                0x000000800420b30a                sched_halt
 .text          0x000000800420b533     0x145c obj/kern/syscall.o
                0x000000800420c6d6                syscall
 .text          0x000000800420c98f      0xc33 obj/kern/kdebug.o
                0x000000800420c98f                list_func_die
                0x000000800420d0f5                debuginfo_rip
 .text          0x000000800420d5c2      0xc64 obj/kern/printfmt.o
                0x000000800420d89d                vprintfmt
                0x000000800420dfa8                printfmt
                0x000000800420e0a8                vsnprintf
                0x000000800420e145                snprintf
 .text          0x000000800420e226      0x155 obj/kern/readline.o
                0x000000800420e226                readline
 .text          0x000000800420e37b      0x7c5 obj/kern/string.o
                0x000000800420e37b                strlen
                0x000000800420e3a9                strnlen
                0x000000800420e3e7                strcpy
                0x000000800420e42a                strcat
                0x000000800420e479                strncpy
                0x000000800420e4d9                strlcpy
                0x000000800420e549                strcmp
                0x000000800420e59c                strncmp
                0x000000800420e60d                strchr
                0x000000800420e649                strfind
                0x000000800420e680                memset
                0x000000800420e70b                memmove
                0x000000800420e822                memcpy
                0x000000800420e856                memcmp
                0x000000800420e8ca                memfind
                0x000000800420e913                strtol
                0x000000800420eaa5                strstr
 .text          0x000000800420eb40     0x1f4d obj/kern/libdwarf_rw.o
                0x000000800420eb40                _dwarf_read_lsb
                0x000000800420ec6c                _dwarf_decode_lsb
                0x000000800420ed8d                _dwarf_read_msb
                0x000000800420ef3f                _dwarf_decode_msb
                0x000000800420f0ee                _dwarf_read_sleb128
                0x000000800420f192                _dwarf_read_uleb128
                0x000000800420f211                _dwarf_decode_sleb128
                0x000000800420f2a3                _dwarf_decode_uleb128
                0x000000800420f310                _dwarf_read_string
                0x000000800420f39f                _dwarf_read_block
                0x000000800420f3e8                _dwarf_elf_get_byte_order
                0x000000800420f456                _dwarf_elf_get_pointer_size
                0x000000800420f4c0                _dwarf_init
                0x000000800420f5a2                _get_next_cu
                0x000000800420f73d                print_cu
                0x000000800420f774                _dwarf_abbrev_parse
                0x000000800420f9f7                _dwarf_abbrev_find
                0x000000800420fb28                _dwarf_attr_init
                0x00000080042101b9                dwarf_search_die_within_cu
                0x00000080042104b2                dwarf_offdie
                0x00000080042105b5                _dwarf_attr_find
                0x0000008004210648                dwarf_siblingof
                0x000000800421088c                dwarf_child
                0x0000008004210a30                _dwarf_find_section_enhanced
 .text          0x0000008004210a8d     0x254f obj/kern/libdwarf_frame.o
                0x0000008004210a8d                _dwarf_frame_params_init
                0x0000008004210acd                dwarf_get_fde_at_pc
                0x0000008004210b9f                _dwarf_frame_regtable_copy
                0x0000008004211b4c                _dwarf_frame_get_internal_table
                0x0000008004211dd9                dwarf_get_fde_info_for_all_regs
                0x0000008004212c76                _dwarf_frame_interal_table_init
                0x0000008004212f04                dwarf_set_frame_cfa_value
                0x0000008004212f34                dwarf_init_eh_section
 .text          0x0000008004212fdc      0xd4b obj/kern/libdwarf_lineno.o
                0x0000008004213638                _dwarf_lineno_init
                0x0000008004213bac                dwarf_srclines
 .text          0x0000008004213d27      0xd12 obj/kern/elf_rw.o
                0x0000008004213d27                _dwarf_find_section
                0x0000008004213da7                find_debug_sections
                0x0000008004214070                read_section_headers
                0x00000080042147af                readseg
                0x0000008004214913                waitdisk
                0x000000800421493f                readsect
 .text          0x0000008004214a39     0x26ed obj/kern/mmutils.o
                0x0000008004214a39                mm_getdec
                0x0000008004214aa3                mm_gethex
                0x0000008004214b5a                mm_printmap
                0x0000008004214d44                mm_pinfo
                0x0000008004215201                mm_showmaps
                0x0000008004215359                mm_setmap
                0x0000008004215499                mm_dumpmem
                0x0000008004215605                mm_binfo
                0x0000008004215733                mm_bmalloc
                0x0000008004215827                mm_bfree
                0x000000800421586f                mm_bsplit
                0x0000008004215a60                mm_bcoalesce
                0x0000008004215ad8                mm_einfo
                0x0000008004215ebe                mon_mm_pinfo
                0x0000008004215ee4                mon_mm_showmaps
                0x0000008004216077                mon_mm_setmap
                0x00000080042167da                mon_mm_dumpmem
                0x0000008004216ac8                mon_mm_binfo
                0x0000008004216af3                mon_mm_bmalloc
                0x0000008004216b7d                mon_mm_bfree
                0x0000008004216c4d                mon_mm_bsplit
                0x0000008004216d47                mon_mm_bcoalesce
                0x0000008004216f02                mon_mm_einfo
                0x0000008004216f2d                mon_mm_fputest
                0x0000008004216f6c                mon_mm_snapshottest
                0x0000008004216fab                mon_mm_ehandlertest
                0x0000008004216fea                mon_mm_forktest
                0x0000008004217029                mon_mm_schedtest
                0x00000080042170a8                mon_mm_matrixtest
                0x00000080042170e7                mon_mm_powerseriestest
 .text          0x0000008004217126     0x37d8 obj/kern/pmaputils.o
                0x00000080042171fc                page_contiguous_block
                0x000000800421731e                page_contiguous_alloc
                0x00000080042173ed                page_incref
                0x000000800421743d                page_free_list_reorder
                0x0000008004217661                page_update
                0x000000800421780e                b_malloc
                0x0000008004217996                b_free
                0x0000008004217b13                b_split
                0x0000008004217e66                b_coalesce
                0x000000800421827b                bi_init
                0x00000080042182db                bi_lookup
                0x0000008004218326                bi_insert
                0x000000800421844d                bi_delete
                0x00000080042185a2                bi_block
                0x000000800421867b                check_b_utils
 .text          0x000000800421a8fe      0x2a3 obj/kern/disasm/disasm.o
                0x000000800421a8fe                disasm_u
                0x000000800421aae3                disasm_s
                0x000000800421ab42                disasm_c
 *fill*         0x000000800421aba1        0x7 
 .text          0x000000800421aba8       0xe7 obj/kern/mpentry.o
                0x000000800421aba8                mpentry_start
                0x000000800421ac8e                mpentry_end
 .text          0x000000800421ac8f      0x7d5 obj/kern/mpconfig.o
                0x000000800421b165                mp_init
 .text          0x000000800421b464      0x473 obj/kern/lapic.o
                0x000000800421b4a6                lapic_init
                0x000000800421b69d                cpunum
                0x000000800421b6d2                lapic_eoi
                0x000000800421b70d                lapic_startap
                0x000000800421b890                lapic_ipi
 .text          0x000000800421b8d7      0x472 obj/kern/spinlock.o
                0x000000800421b9f4                __spin_initlock
                0x000000800421ba28                spin_lock
                0x000000800421baff                spin_unlock
                0x000000800421bd49                PROVIDE (etext, .)

.iplt           0x000000800421bd50        0x0 load address 0x000000000021bd50
 .iplt          0x0000000000000000        0x0 obj/kern/bootstrap.o

.rodata         0x000000800421bd60     0x4de1 load address 0x000000000021bd60
 *(EXCLUDE_FILE(obj/kern/bootstrap.o) .rodata .rodata.* .gnu.linkonce.r.*)
 .rodata        0x000000800421bd60       0xce obj/kern/init.o
 .rodata        0x000000800421be2e       0x29 obj/kern/console.o
 *fill*         0x000000800421be57        0x1 
 .rodata        0x000000800421be58      0x5cc obj/kern/monitor.o
 *fill*         0x000000800421c424        0x4 
 .rodata        0x000000800421c428      0xec4 obj/kern/pmap.o
 *fill*         0x000000800421d2ec        0x4 
 .rodata        0x000000800421d2f0       0xbf obj/kern/env.o
 .rodata        0x000000800421d3af       0x1a obj/kern/picirq.o
 *fill*         0x000000800421d3c9       0x17 
 .rodata        0x000000800421d3e0      0x4c0 obj/kern/trap.o
 .rodata        0x000000800421d8a0       0x94 obj/kern/sched.o
 *fill*         0x000000800421d934        0x4 
 .rodata        0x000000800421d938      0x118 obj/kern/syscall.o
 *fill*         0x000000800421da50       0x10 
 .rodata        0x000000800421da60      0x378 obj/kern/kdebug.o
 *fill*         0x000000800421ddd8        0x8 
 .rodata        0x000000800421dde0      0x4a0 obj/kern/printfmt.o
 .rodata        0x000000800421e280       0x13 obj/kern/readline.o
 *fill*         0x000000800421e293        0x5 
 .rodata        0x000000800421e298      0x1ab obj/kern/libdwarf_rw.o
 *fill*         0x000000800421e443        0x5 
 .rodata        0x000000800421e448      0x1d8 obj/kern/libdwarf_frame.o
 .rodata        0x000000800421e620       0xc3 obj/kern/libdwarf_lineno.o
 .rodata        0x000000800421e6e3       0xa4 obj/kern/elf_rw.o
 *fill*         0x000000800421e787        0x1 
 .rodata        0x000000800421e788      0xd92 obj/kern/mmutils.o
 *fill*         0x000000800421f51a        0x6 
 .rodata        0x000000800421f520     0x12a2 obj/kern/pmaputils.o
 *fill*         0x00000080042207c2        0x6 
 .rodata        0x00000080042207c8       0x55 obj/kern/disasm/disasm.o
 *fill*         0x000000800422081d        0x3 
 .rodata        0x0000008004220820      0x1f9 obj/kern/mpconfig.o
 *fill*         0x0000008004220a19        0x7 
 .rodata        0x0000008004220a20       0x30 obj/kern/lapic.o
 .rodata        0x0000008004220a50       0xf1 obj/kern/spinlock.o

.eh_frame       0x0000008004220b48     0x23f0 load address 0x0000000000220b48
 .eh_frame      0x0000008004220b48       0xf8 obj/kern/init.o
                                         0xf0 (size before relaxing)
 .eh_frame      0x0000008004220c40      0x240 obj/kern/console.o
                                        0x258 (size before relaxing)
 .eh_frame      0x0000008004220e80       0xa0 obj/kern/monitor.o
                                         0xb8 (size before relaxing)
 .eh_frame      0x0000008004220f20      0x428 obj/kern/pmap.o
                                        0x438 (size before relaxing)
 .eh_frame      0x0000008004221348      0x248 obj/kern/env.o
                                        0x258 (size before relaxing)
 .eh_frame      0x0000008004221590       0x40 obj/kern/kclock.o
                                         0x58 (size before relaxing)
 .eh_frame      0x00000080042215d0       0x40 obj/kern/picirq.o
                                         0x58 (size before relaxing)
 .eh_frame      0x0000008004221610       0xa0 obj/kern/printf.o
                                         0xb8 (size before relaxing)
 .eh_frame      0x00000080042216b0      0x170 obj/kern/trap.o
                                        0x180 (size before relaxing)
 .eh_frame      0x0000008004221820      0x120 obj/kern/sched.o
                                        0x138 (size before relaxing)
 .eh_frame      0x0000008004221940      0x348 obj/kern/syscall.o
                                        0x358 (size before relaxing)
 .eh_frame      0x0000008004221c88       0x48 obj/kern/kdebug.o
                                         0x60 (size before relaxing)
 .eh_frame      0x0000008004221cd0      0x118 obj/kern/printfmt.o
                                        0x128 (size before relaxing)
 .eh_frame      0x0000008004221de8       0x20 obj/kern/readline.o
                                         0x38 (size before relaxing)
 .eh_frame      0x0000008004221e08      0x220 obj/kern/string.o
                                        0x238 (size before relaxing)
 .eh_frame      0x0000008004222028      0x308 obj/kern/libdwarf_rw.o
                                        0x320 (size before relaxing)
 .eh_frame      0x0000008004222330      0x1d0 obj/kern/libdwarf_frame.o
                                        0x1e8 (size before relaxing)
 .eh_frame      0x0000008004222500       0x98 obj/kern/libdwarf_lineno.o
                                         0xb0 (size before relaxing)
 .eh_frame      0x0000008004222598       0xc0 obj/kern/elf_rw.o
                                         0xd8 (size before relaxing)
 .eh_frame      0x0000008004222658      0x3c8 obj/kern/mmutils.o
 .eh_frame      0x0000008004222a20      0x250 obj/kern/pmaputils.o
                                        0x268 (size before relaxing)
 .eh_frame      0x0000008004222c70       0x60 obj/kern/disasm/disasm.o
                                         0x78 (size before relaxing)
 .eh_frame      0x0000008004222cd0       0xa8 obj/kern/mpconfig.o
                                         0xc0 (size before relaxing)
 .eh_frame      0x0000008004222d78       0xe0 obj/kern/lapic.o
                                         0xf8 (size before relaxing)
 .eh_frame      0x0000008004222e58       0xe0 obj/kern/spinlock.o
                                         0xf0 (size before relaxing)

.rela.dyn       0x0000008004222f38        0x0 load address 0x0000000000222f38
 .rela.iplt     0x0000000000000000        0x0 obj/kern/bootstrap.o
 .rela.text     0x0000000000000000        0x0 obj/kern/bootstrap.o
 .rela.data     0x0000000000000000        0x0 obj/kern/bootstrap.o
                0x0000008004223000                . = ALIGN (0x1000)

.data           0x0000008004223000   0x3534c9 load address 0x0000000000223000
 *(EXCLUDE_FILE(obj/kern/bootstrap.o) .data)
 .data          0x0000008004223000    0x10042 obj/kern/entry.o
                0x0000008004223000                bootstack
                0x0000008004233000                kernel_64
                0x0000008004233000                bootstacktop
                0x0000008004233038                gdtdesc_64
 .data          0x0000008004233042        0x0 obj/kern/init.o
 *fill*         0x0000008004233042       0x1e 
 .data          0x0000008004233060      0x520 obj/kern/console.o
 .data          0x0000008004233580      0x228 obj/kern/monitor.o
 .data          0x00000080042337a8       0x18 obj/kern/pmap.o
                0x00000080042337a8                pte_ps_flag
                0x00000080042337ac                c_block_flag
                0x00000080042337b0                ptr_boot_alloc
 .data          0x00000080042337c0       0xb2 obj/kern/env.o
                0x00000080042337c0                gdt
                0x0000008004233868                gdt_pd
 .data          0x0000008004233872        0x0 obj/kern/kclock.o
 .data          0x0000008004233872        0x2 obj/kern/picirq.o
                0x0000008004233872                irq_mask_8259A
 .data          0x0000008004233874        0x0 obj/kern/printf.o
 .data          0x0000008004233874        0x0 obj/kern/trap.o
 .data          0x0000008004233874      0x340 obj/kern/trapentry.o
                0x0000008004233874                entry_array
 .data          0x0000008004233bb4        0x0 obj/kern/sched.o
 .data          0x0000008004233bb4        0x0 obj/kern/syscall.o
 *fill*         0x0000008004233bb4        0x4 
 .data          0x0000008004233bb8       0x18 obj/kern/kdebug.o
                0x0000008004233bb8                fde
                0x0000008004233bc0                cie
                0x0000008004233bc8                dbg
 .data          0x0000008004233bd0        0x4 obj/kern/printfmt.o
                0x0000008004233bd0                color_flag
 .data          0x0000008004233bd4        0x0 obj/kern/readline.o
 .data          0x0000008004233bd4        0x0 obj/kern/string.o
 .data          0x0000008004233bd4        0x0 obj/kern/libdwarf_rw.o
 *fill*         0x0000008004233bd4        0xc 
 .data          0x0000008004233be0       0x20 obj/kern/libdwarf_frame.o
                0x0000008004233be0                debug_frame_sec
 .data          0x0000008004233c00        0x0 obj/kern/libdwarf_lineno.o
 .data          0x0000008004233c00       0xa0 obj/kern/elf_rw.o
                0x0000008004233c00                section_info
 .data          0x0000008004233ca0        0x0 obj/kern/mmutils.o
 .data          0x0000008004233ca0        0x4 obj/kern/pmaputils.o
                0x0000008004233ca0                b_ring
 *fill*         0x0000008004233ca4        0x4 
 .data          0x0000008004233ca8        0x8 obj/kern/disasm/disasm.o
 .data          0x0000008004233cb0        0x0 obj/kern/mpentry.o
 .data          0x0000008004233cb0        0x0 obj/kern/mpconfig.o
 .data          0x0000008004233cb0        0x0 obj/kern/lapic.o
 *fill*         0x0000008004233cb0       0x10 
 .data          0x0000008004233cc0       0x68 obj/kern/spinlock.o
                0x0000008004233cc0                kernel_lock
 .data          0x0000008004233d28    0x1273b obj/user/hello
                0x0000008004233d28                _binary_obj_user_hello_start
                0x0000008004246463                _binary_obj_user_hello_end
 .data          0x0000008004246463    0x12222 obj/user/idle
                0x0000008004246463                _binary_obj_user_idle_start
                0x0000008004258685                _binary_obj_user_idle_end
 .data          0x0000008004258685    0x1277b obj/user/yield
                0x0000008004258685                _binary_obj_user_yield_start
                0x000000800426ae00                _binary_obj_user_yield_end
 .data          0x000000800426ae00    0x12c0b obj/user/dumbfork
                0x000000800426ae00                _binary_obj_user_dumbfork_start
                0x000000800427da0b                _binary_obj_user_dumbfork_end
 .data          0x000000800427da0b    0x14dc2 obj/user/stresssched
                0x000000800427da0b                _binary_obj_user_stresssched_start
                0x00000080042927cd                _binary_obj_user_stresssched_end
 .data          0x00000080042927cd    0x12a5d obj/user/faultdie
                0x00000080042927cd                _binary_obj_user_faultdie_start
                0x00000080042a522a                _binary_obj_user_faultdie_end
 .data          0x00000080042a522a    0x13d75 obj/user/faultregs
                0x00000080042a522a                _binary_obj_user_faultregs_start
                0x00000080042b8f9f                _binary_obj_user_faultregs_end
 .data          0x00000080042b8f9f    0x12a8f obj/user/faultalloc
                0x00000080042b8f9f                _binary_obj_user_faultalloc_start
                0x00000080042cba2e                _binary_obj_user_faultalloc_end
 .data          0x00000080042cba2e    0x12a9a obj/user/faultallocbad
                0x00000080042cba2e                _binary_obj_user_faultallocbad_start
                0x00000080042de4c8                _binary_obj_user_faultallocbad_end
 .data          0x00000080042de4c8    0x127b9 obj/user/faultnostack
                0x00000080042de4c8                _binary_obj_user_faultnostack_start
                0x00000080042f0c81                _binary_obj_user_faultnostack_end
 .data          0x00000080042f0c81    0x12215 obj/user/faultbadhandler
                0x00000080042f0c81                _binary_obj_user_faultbadhandler_start
                0x0000008004302e96                _binary_obj_user_faultbadhandler_end
 .data          0x0000008004302e96    0x1221e obj/user/faultevilhandler
                0x0000008004302e96                _binary_obj_user_faultevilhandler_start
                0x00000080043150b4                _binary_obj_user_faultevilhandler_end
 .data          0x00000080043150b4    0x14922 obj/user/forktree
                0x00000080043150b4                _binary_obj_user_forktree_start
                0x00000080043299d6                _binary_obj_user_forktree_end
 .data          0x00000080043299d6    0x14d39 obj/user/sendpage
                0x00000080043299d6                _binary_obj_user_sendpage_start
                0x000000800433e70f                _binary_obj_user_sendpage_end
 .data          0x000000800433e70f    0x1477b obj/user/spin
                0x000000800433e70f                _binary_obj_user_spin_start
                0x0000008004352e8a                _binary_obj_user_spin_end
 .data          0x0000008004352e8a    0x1279e obj/user/fairness
                0x0000008004352e8a                _binary_obj_user_fairness_start
                0x0000008004365628                _binary_obj_user_fairness_end
 .data          0x0000008004365628    0x147b7 obj/user/pingpong
                0x0000008004365628                _binary_obj_user_pingpong_start
                0x0000008004379ddf                _binary_obj_user_pingpong_end
 .data          0x0000008004379ddf    0x14cf4 obj/user/pingpongs
                0x0000008004379ddf                _binary_obj_user_pingpongs_start
                0x000000800438ead3                _binary_obj_user_pingpongs_end
 .data          0x000000800438ead3    0x14daf obj/user/primes
                0x000000800438ead3                _binary_obj_user_primes_start
                0x00000080043a3882                _binary_obj_user_primes_end
 .data          0x00000080043a3882    0x13b10 obj/user/testfile
                0x00000080043a3882                _binary_obj_user_testfile_start
                0x00000080043b7392                _binary_obj_user_testfile_end
 .data          0x00000080043b7392    0x122b7 obj/user/writemotd
                0x00000080043b7392                _binary_obj_user_writemotd_start
                0x00000080043c9649                _binary_obj_user_writemotd_end
 .data          0x00000080043c9649    0x14d16 obj/user/spawnhello
                0x00000080043c9649                _binary_obj_user_spawnhello_start
                0x00000080043de35f                _binary_obj_user_spawnhello_end
 .data          0x00000080043de35f    0x14859 obj/user/icode
                0x00000080043de35f                _binary_obj_user_icode_start
                0x00000080043f2bb8                _binary_obj_user_icode_end
 .data          0x00000080043f2bb8    0x23cc9 obj/fs/fs
                0x00000080043f2bb8                _binary_obj_fs_fs_start
                0x0000008004416881                _binary_obj_fs_fs_end
 .data          0x0000008004416881    0x17693 obj/user/testpteshare
                0x0000008004416881                _binary_obj_user_testpteshare_start
                0x000000800442df14                _binary_obj_user_testpteshare_end
 .data          0x000000800442df14    0x150a9 obj/user/testfdsharing
                0x000000800442df14                _binary_obj_user_testfdsharing_start
                0x0000008004442fbd                _binary_obj_user_testfdsharing_end
 .data          0x0000008004442fbd    0x1557f obj/user/testpipe
                0x0000008004442fbd                _binary_obj_user_testpipe_start
                0x000000800445853c                _binary_obj_user_testpipe_end
 .data          0x000000800445853c    0x14e53 obj/user/testpiperace
                0x000000800445853c                _binary_obj_user_testpiperace_start
                0x000000800446d38f                _binary_obj_user_testpiperace_end
 .data          0x000000800446d38f    0x14e34 obj/user/testpiperace2
                0x000000800446d38f                _binary_obj_user_testpiperace2_start
                0x00000080044821c3                _binary_obj_user_testpiperace2_end
 .data          0x00000080044821c3    0x1492b obj/user/primespipe
                0x00000080044821c3                _binary_obj_user_primespipe_start
                0x0000008004496aee                _binary_obj_user_primespipe_end
 .data          0x0000008004496aee    0x13e70 obj/user/testkbd
                0x0000008004496aee                _binary_obj_user_testkbd_start
                0x00000080044aa95e                _binary_obj_user_testkbd_end
 .data          0x00000080044aa95e    0x17730 obj/user/testshell
                0x00000080044aa95e                _binary_obj_user_testshell_start
                0x00000080044c208e                _binary_obj_user_testshell_end
 .data          0x00000080044c208e    0x12e5b obj/user/fputest
                0x00000080044c208e                _binary_obj_user_fputest_start
                0x00000080044d4ee9                _binary_obj_user_fputest_end
 .data          0x00000080044d4ee9    0x14d33 obj/user/snapshottest
                0x00000080044d4ee9                _binary_obj_user_snapshottest_start
                0x00000080044e9c1c                _binary_obj_user_snapshottest_end
 .data          0x00000080044e9c1c    0x14bfe obj/user/ehandlertest
                0x00000080044e9c1c                _binary_obj_user_ehandlertest_start
                0x00000080044fe81a                _binary_obj_user_ehandlertest_end
 .data          0x00000080044fe81a    0x15124 obj/user/forktest
                0x00000080044fe81a                _binary_obj_user_forktest_start
                0x000000800451393e                _binary_obj_user_forktest_end
 .data          0x000000800451393e    0x1221c obj/user/printa
                0x000000800451393e                _binary_obj_user_printa_start
                0x0000008004525b5a                _binary_obj_user_printa_end
 .data          0x0000008004525b5a    0x1221c obj/user/printb
                0x0000008004525b5a                _binary_obj_user_printb_start
                0x0000008004537d76                _binary_obj_user_printb_end
 .data          0x0000008004537d76    0x1221c obj/user/printd
                0x0000008004537d76                _binary_obj_user_printd_start
                0x0000008004549f92                _binary_obj_user_printd_end
 .data          0x0000008004549f92    0x14c3b obj/user/matrix
                0x0000008004549f92                _binary_obj_user_matrix_start
                0x000000800455ebcd                _binary_obj_user_matrix_end
 .data          0x000000800455ebcd    0x178fc obj/user/powerseries
                0x000000800455ebcd                _binary_obj_user_powerseries_start
                0x00000080045764c9                _binary_obj_user_powerseries_end
                0x00000080045764c9                PROVIDE (edata, .)

.igot.plt       0x00000080045764d0        0x0 load address 0x00000000005764d0
 .igot.plt      0x0000000000000000        0x0 obj/kern/bootstrap.o

.bss            0x0000008004577000    0x841c0 load address 0x0000000000577000
 *(EXCLUDE_FILE(obj/kern/bootstrap.o) .bss)
 .bss           0x0000008004577000        0x0 obj/kern/entry.o
 .bss           0x0000008004577000        0x0 obj/kern/init.o
 .bss           0x0000008004577000      0x22c obj/kern/console.o
 .bss           0x000000800457722c        0x0 obj/kern/monitor.o
 *fill*         0x000000800457722c        0x4 
 .bss           0x0000008004577230       0x20 obj/kern/pmap.o
                0x0000008004577230                boot_bis
                0x0000008004577238                schedqueue
 .bss           0x0000008004577250       0x10 obj/kern/env.o
                0x0000008004577250                envs
 .bss           0x0000008004577260        0x0 obj/kern/kclock.o
 .bss           0x0000008004577260        0x1 obj/kern/picirq.o
 .bss           0x0000008004577261        0x0 obj/kern/printf.o
 *fill*         0x0000008004577261       0x1f 
 .bss           0x0000008004577280     0x1090 obj/kern/trap.o
                0x0000008004577280                idt
                0x0000008004578280                idt_pd
 .bss           0x0000008004578310        0x0 obj/kern/trapentry.o
 .bss           0x0000008004578310       0x10 obj/kern/sched.o
                0x0000008004578310                sched_act_queue
                0x0000008004578318                sched_exp_queue
 .bss           0x0000008004578320        0x0 obj/kern/syscall.o
 .bss           0x0000008004578320        0x8 obj/kern/kdebug.o
 .bss           0x0000008004578328        0x4 obj/kern/printfmt.o
                0x0000008004578328                color_parsing
 *fill*         0x000000800457832c       0x14 
 .bss           0x0000008004578340      0x400 obj/kern/readline.o
 .bss           0x0000008004578740        0x0 obj/kern/string.o
 .bss           0x0000008004578740        0x0 obj/kern/libdwarf_rw.o
 .bss           0x0000008004578740       0x68 obj/kern/libdwarf_frame.o
                0x0000008004578740                global_rt_table
                0x0000008004578780                global_rt_table_shadow
 .bss           0x00000080045787a8        0x0 obj/kern/libdwarf_lineno.o
 .bss           0x00000080045787a8        0x0 obj/kern/elf_rw.o
 .bss           0x00000080045787a8        0x0 obj/kern/mmutils.o
 .bss           0x00000080045787a8       0x10 obj/kern/pmaputils.o
                0x00000080045787a8                bis
                0x00000080045787b0                bis_end
 .bss           0x00000080045787b8       0x18 obj/kern/disasm/disasm.o
 .bss           0x00000080045787d0        0x0 obj/kern/mpentry.o
 .bss           0x00000080045787d0        0x0 obj/kern/mpconfig.o
 .bss           0x00000080045787d0        0x0 obj/kern/lapic.o
 .bss           0x00000080045787d0        0x0 obj/kern/spinlock.o
 COMMON         0x00000080045787d0       0x18 obj/kern/init.o
                0x00000080045787d0                end_debug
                0x00000080045787d8                panicstr
                0x00000080045787e0                mpentry_kstack
 COMMON         0x00000080045787e8       0x30 obj/kern/pmap.o
                0x00000080045787e8                npages_basemem
                0x00000080045787f0                page_free_list
                0x00000080045787f8                boot_cr3
                0x0000008004578800                boot_pml4e
                0x0000008004578808                npages
                0x0000008004578810                pages
 *fill*         0x0000008004578818        0x8 
 COMMON         0x0000008004578820      0x160 obj/kern/kdebug.o
                0x0000008004578820                mydebug
                0x0000008004578880                _cie
                0x0000008004578900                _fde
 COMMON         0x0000008004578980      0xc70 obj/kern/libdwarf_frame.o
                0x0000008004578980                global_rules_shadow
                0x0000008004578fc0                global_rules
 *fill*         0x00000080045795f0       0x10 
 COMMON         0x0000008004579600      0x200 obj/kern/libdwarf_lineno.o
                0x0000008004579600                global_std_op
 *fill*         0x0000008004579800      0x800 
 COMMON         0x000000800457a000    0x81000 obj/kern/mpconfig.o
                0x000000800457a000                ismp
                0x000000800457a020                cpus
                0x000000800457a3e0                bootcpu
                0x000000800457a3e8                ncpu
                0x000000800457b000                percpu_kstacks
 COMMON         0x00000080045fb000       0x10 obj/kern/lapic.o
                0x00000080045fb000                lapicaddr
                0x00000080045fb008                lapic
 *fill*         0x00000080045fb010       0x10 
 COMMON         0x00000080045fb020      0x1a0 obj/kern/spinlock.o
                0x00000080045fb020                g_locks
                0x00000080045fb1c0                PROVIDE (end, .)

.debug
 *(.debug)

.line
 *(.line)

.debug_srcinfo
 *(.debug_srcinfo)

.debug_sfnames
 *(.debug_sfnames)

.debug_aranges  0x0000000000000000      0x570
 *(.debug_aranges)
 .debug_aranges
                0x0000000000000000       0x30 obj/kern/bootstrap.o
 .debug_aranges
                0x0000000000000030       0x30 obj/kern/entry.o
 .debug_aranges
                0x0000000000000060       0x30 obj/kern/init.o
 .debug_aranges
                0x0000000000000090       0x30 obj/kern/console.o
 .debug_aranges
                0x00000000000000c0       0x30 obj/kern/monitor.o
 .debug_aranges
                0x00000000000000f0       0x30 obj/kern/pmap.o
 .debug_aranges
                0x0000000000000120       0x30 obj/kern/env.o
 .debug_aranges
                0x0000000000000150       0x30 obj/kern/kclock.o
 .debug_aranges
                0x0000000000000180       0x30 obj/kern/picirq.o
 .debug_aranges
                0x00000000000001b0       0x30 obj/kern/printf.o
 .debug_aranges
                0x00000000000001e0       0x30 obj/kern/trap.o
 .debug_aranges
                0x0000000000000210       0x30 obj/kern/trapentry.o
 .debug_aranges
                0x0000000000000240       0x30 obj/kern/sched.o
 .debug_aranges
                0x0000000000000270       0x30 obj/kern/syscall.o
 .debug_aranges
                0x00000000000002a0       0x30 obj/kern/kdebug.o
 .debug_aranges
                0x00000000000002d0       0x30 obj/kern/printfmt.o
 .debug_aranges
                0x0000000000000300       0x30 obj/kern/readline.o
 .debug_aranges
                0x0000000000000330       0x30 obj/kern/string.o
 .debug_aranges
                0x0000000000000360       0x30 obj/kern/libdwarf_rw.o
 .debug_aranges
                0x0000000000000390       0x30 obj/kern/libdwarf_frame.o
 .debug_aranges
                0x00000000000003c0       0x30 obj/kern/libdwarf_lineno.o
 .debug_aranges
                0x00000000000003f0       0x30 obj/kern/elf_rw.o
 .debug_aranges
                0x0000000000000420       0x30 obj/kern/mmutils.o
 .debug_aranges
                0x0000000000000450       0x30 obj/kern/pmaputils.o
 .debug_aranges
                0x0000000000000480       0x30 obj/kern/disasm/disasm.o
 .debug_aranges
                0x00000000000004b0       0x30 obj/kern/mpentry.o
 .debug_aranges
                0x00000000000004e0       0x30 obj/kern/mpconfig.o
 .debug_aranges
                0x0000000000000510       0x30 obj/kern/lapic.o
 .debug_aranges
                0x0000000000000540       0x30 obj/kern/spinlock.o

.debug_pubnames
 *(.debug_pubnames)

.debug_info     0x0000000000000000    0x130be
 *(.debug_info .gnu.linkonce.wi.*)
 .debug_info    0x0000000000000000       0x59 obj/kern/bootstrap.o
 .debug_info    0x0000000000000059       0x55 obj/kern/entry.o
 .debug_info    0x00000000000000ae      0xb46 obj/kern/init.o
 .debug_info    0x0000000000000bf4      0xcc0 obj/kern/console.o
 .debug_info    0x00000000000018b4      0x7f3 obj/kern/monitor.o
 .debug_info    0x00000000000020a7     0x22ab obj/kern/pmap.o
 .debug_info    0x0000000000004352     0x1208 obj/kern/env.o
 .debug_info    0x000000000000555a      0x1ee obj/kern/kclock.o
 .debug_info    0x0000000000005748      0x40c obj/kern/picirq.o
 .debug_info    0x0000000000005b54      0x2f2 obj/kern/printf.o
 .debug_info    0x0000000000005e46      0xf81 obj/kern/trap.o
 .debug_info    0x0000000000006dc7       0x59 obj/kern/trapentry.o
 .debug_info    0x0000000000006e20      0xa29 obj/kern/sched.o
 .debug_info    0x0000000000007849     0x1051 obj/kern/syscall.o
 .debug_info    0x000000000000889a     0x1528 obj/kern/kdebug.o
 .debug_info    0x0000000000009dc2      0x611 obj/kern/printfmt.o
 .debug_info    0x000000000000a3d3      0x14b obj/kern/readline.o
 .debug_info    0x000000000000a51e      0x6a6 obj/kern/string.o
 .debug_info    0x000000000000abc4     0x1425 obj/kern/libdwarf_rw.o
 .debug_info    0x000000000000bfe9     0x1069 obj/kern/libdwarf_frame.o
 .debug_info    0x000000000000d052      0xdf0 obj/kern/libdwarf_lineno.o
 .debug_info    0x000000000000de42      0x96b obj/kern/elf_rw.o
 .debug_info    0x000000000000e7ad     0x1767 obj/kern/mmutils.o
 .debug_info    0x000000000000ff14      0xce9 obj/kern/pmaputils.o
 .debug_info    0x0000000000010bfd      0x4fa obj/kern/disasm/disasm.o
 .debug_info    0x00000000000110f7       0x57 obj/kern/mpentry.o
 .debug_info    0x000000000001114e      0xc7a obj/kern/mpconfig.o
 .debug_info    0x0000000000011dc8      0x8b6 obj/kern/lapic.o
 .debug_info    0x000000000001267e      0xa40 obj/kern/spinlock.o

.debug_abbrev   0x0000000000000000     0x330a
 *(.debug_abbrev)
 .debug_abbrev  0x0000000000000000       0x14 obj/kern/bootstrap.o
 .debug_abbrev  0x0000000000000014       0x14 obj/kern/entry.o
 .debug_abbrev  0x0000000000000028      0x238 obj/kern/init.o
 .debug_abbrev  0x0000000000000260      0x2c8 obj/kern/console.o
 .debug_abbrev  0x0000000000000528      0x1be obj/kern/monitor.o
 .debug_abbrev  0x00000000000006e6      0x315 obj/kern/pmap.o
 .debug_abbrev  0x00000000000009fb      0x321 obj/kern/env.o
 .debug_abbrev  0x0000000000000d1c      0x102 obj/kern/kclock.o
 .debug_abbrev  0x0000000000000e1e       0xd6 obj/kern/picirq.o
 .debug_abbrev  0x0000000000000ef4      0x112 obj/kern/printf.o
 .debug_abbrev  0x0000000000001006      0x331 obj/kern/trap.o
 .debug_abbrev  0x0000000000001337       0x14 obj/kern/trapentry.o
 .debug_abbrev  0x000000000000134b      0x253 obj/kern/sched.o
 .debug_abbrev  0x000000000000159e      0x240 obj/kern/syscall.o
 .debug_abbrev  0x00000000000017de      0x26d obj/kern/kdebug.o
 .debug_abbrev  0x0000000000001a4b      0x204 obj/kern/printfmt.o
 .debug_abbrev  0x0000000000001c4f       0xab obj/kern/readline.o
 .debug_abbrev  0x0000000000001cfa      0x115 obj/kern/string.o
 .debug_abbrev  0x0000000000001e0f      0x1f8 obj/kern/libdwarf_rw.o
 .debug_abbrev  0x0000000000002007      0x22a obj/kern/libdwarf_frame.o
 .debug_abbrev  0x0000000000002231      0x223 obj/kern/libdwarf_lineno.o
 .debug_abbrev  0x0000000000002454      0x1e0 obj/kern/elf_rw.o
 .debug_abbrev  0x0000000000002634      0x27e obj/kern/mmutils.o
 .debug_abbrev  0x00000000000028b2      0x2d2 obj/kern/pmaputils.o
 .debug_abbrev  0x0000000000002b84      0x100 obj/kern/disasm/disasm.o
 .debug_abbrev  0x0000000000002c84       0x14 obj/kern/mpentry.o
 .debug_abbrev  0x0000000000002c98      0x23d obj/kern/mpconfig.o
 .debug_abbrev  0x0000000000002ed5      0x1ed obj/kern/lapic.o
 .debug_abbrev  0x00000000000030c2      0x248 obj/kern/spinlock.o

.debug_line     0x0000000000000000     0x4aae
 *(.debug_line)
 .debug_line    0x0000000000000000       0x99 obj/kern/bootstrap.o
 .debug_line    0x0000000000000099       0x51 obj/kern/entry.o
 .debug_line    0x00000000000000ea      0x19e obj/kern/init.o
 .debug_line    0x0000000000000288      0x2ab obj/kern/console.o
 .debug_line    0x0000000000000533      0x186 obj/kern/monitor.o
 .debug_line    0x00000000000006b9      0xd8c obj/kern/pmap.o
 .debug_line    0x0000000000001445      0x3a7 obj/kern/env.o
 .debug_line    0x00000000000017ec       0x86 obj/kern/kclock.o
 .debug_line    0x0000000000001872       0x9d obj/kern/picirq.o
 .debug_line    0x000000000000190f       0xc5 obj/kern/printf.o
 .debug_line    0x00000000000019d4      0x2da obj/kern/trap.o
 .debug_line    0x0000000000001cae       0x75 obj/kern/trapentry.o
 .debug_line    0x0000000000001d23      0x1fd obj/kern/sched.o
 .debug_line    0x0000000000001f20      0x2c2 obj/kern/syscall.o
 .debug_line    0x00000000000021e2      0x1d0 obj/kern/kdebug.o
 .debug_line    0x00000000000023b2      0x2c7 obj/kern/printfmt.o
 .debug_line    0x0000000000002679       0x8c obj/kern/readline.o
 .debug_line    0x0000000000002705      0x1e8 obj/kern/string.o
 .debug_line    0x00000000000028ed      0x45a obj/kern/libdwarf_rw.o
 .debug_line    0x0000000000002d47      0x4f2 obj/kern/libdwarf_frame.o
 .debug_line    0x0000000000003239      0x208 obj/kern/libdwarf_lineno.o
 .debug_line    0x0000000000003441      0x229 obj/kern/elf_rw.o
 .debug_line    0x000000000000366a      0x55b obj/kern/mmutils.o
 .debug_line    0x0000000000003bc5      0x8fe obj/kern/pmaputils.o
 .debug_line    0x00000000000044c3       0xeb obj/kern/disasm/disasm.o
 .debug_line    0x00000000000045ae       0x74 obj/kern/mpentry.o
 .debug_line    0x0000000000004622      0x1c7 obj/kern/mpconfig.o
 .debug_line    0x00000000000047e9      0x15e obj/kern/lapic.o
 .debug_line    0x0000000000004947      0x167 obj/kern/spinlock.o

.debug_frame
 *(.debug_frame)

.debug_str      0x0000000000000000     0x2f8a
 *(.debug_str)
 .debug_str     0x0000000000000000      0x603 obj/kern/init.o
                                        0x68d (size before relaxing)
 .debug_str     0x0000000000000603      0x167 obj/kern/console.o
                                        0x2ca (size before relaxing)
 .debug_str     0x000000000000076a      0x153 obj/kern/monitor.o
                                        0x437 (size before relaxing)
 .debug_str     0x00000000000008bd      0x579 obj/kern/pmap.o
                                        0xb11 (size before relaxing)
 .debug_str     0x0000000000000e36      0x28a obj/kern/env.o
                                        0x8f2 (size before relaxing)
 .debug_str     0x00000000000010c0       0x31 obj/kern/kclock.o
                                        0x16e (size before relaxing)
 .debug_str     0x00000000000010f1       0x28 obj/kern/picirq.o
                                        0x199 (size before relaxing)
 .debug_str     0x0000000000001119       0x17 obj/kern/printf.o
                                        0x1fc (size before relaxing)
 .debug_str     0x0000000000001130      0x1b1 obj/kern/trap.o
                                        0x7e6 (size before relaxing)
 .debug_str     0x00000000000012e1       0x92 obj/kern/sched.o
                                        0x63f (size before relaxing)
 .debug_str     0x0000000000001373      0x2dd obj/kern/syscall.o
                                        0x919 (size before relaxing)
 .debug_str     0x0000000000001650      0x905 obj/kern/kdebug.o
                                        0xfb0 (size before relaxing)
 .debug_str     0x0000000000001f55       0xa3 obj/kern/printfmt.o
                                        0x336 (size before relaxing)
 .debug_str     0x0000000000001ff8       0x27 obj/kern/readline.o
                                        0x1af (size before relaxing)
 .debug_str     0x000000000000201f       0x9e obj/kern/string.o
                                        0x1fc (size before relaxing)
 .debug_str     0x00000000000020bd      0x262 obj/kern/libdwarf_rw.o
                                        0xbf2 (size before relaxing)
 .debug_str     0x000000000000231f      0x2dd obj/kern/libdwarf_frame.o
                                        0xb4b (size before relaxing)
 .debug_str     0x00000000000025fc      0x1bd obj/kern/libdwarf_lineno.o
                                        0xb99 (size before relaxing)
 .debug_str     0x00000000000027b9      0x1b7 obj/kern/elf_rw.o
                                        0x456 (size before relaxing)
 .debug_str     0x0000000000002970      0x347 obj/kern/mmutils.o
                                        0x88c (size before relaxing)
 .debug_str     0x0000000000002cb7      0x114 obj/kern/pmaputils.o
                                        0x444 (size before relaxing)
 .debug_str     0x0000000000002dcb       0x5b obj/kern/disasm/disasm.o
                                        0x33c (size before relaxing)
 .debug_str     0x0000000000002e26       0xbe obj/kern/mpconfig.o
                                        0x625 (size before relaxing)
 .debug_str     0x0000000000002ee4       0x59 obj/kern/lapic.o
                                        0x57a (size before relaxing)
 .debug_str     0x0000000000002f3d       0x4d obj/kern/spinlock.o
                                        0x64c (size before relaxing)

.debug_loc      0x0000000000000000     0x6700
 *(.debug_loc)
 .debug_loc     0x0000000000000000      0x264 obj/kern/init.o
 .debug_loc     0x0000000000000264      0x6c0 obj/kern/console.o
 .debug_loc     0x0000000000000924      0x1e0 obj/kern/monitor.o
 .debug_loc     0x0000000000000b04      0xc00 obj/kern/pmap.o
 .debug_loc     0x0000000000001704      0x638 obj/kern/env.o
 .debug_loc     0x0000000000001d3c       0xc0 obj/kern/kclock.o
 .debug_loc     0x0000000000001dfc       0xc0 obj/kern/picirq.o
 .debug_loc     0x0000000000001ebc      0x1e0 obj/kern/printf.o
 .debug_loc     0x000000000000209c      0x3f8 obj/kern/trap.o
 .debug_loc     0x0000000000002494      0x360 obj/kern/sched.o
 .debug_loc     0x00000000000027f4      0x938 obj/kern/syscall.o
 .debug_loc     0x000000000000312c       0xc0 obj/kern/kdebug.o
 .debug_loc     0x00000000000031ec      0x300 obj/kern/printfmt.o
 .debug_loc     0x00000000000034ec       0x60 obj/kern/readline.o
 .debug_loc     0x000000000000354c      0x660 obj/kern/string.o
 .debug_loc     0x0000000000003bac      0x900 obj/kern/libdwarf_rw.o
 .debug_loc     0x00000000000044ac      0x540 obj/kern/libdwarf_frame.o
 .debug_loc     0x00000000000049ec      0x180 obj/kern/libdwarf_lineno.o
 .debug_loc     0x0000000000004b6c      0x240 obj/kern/elf_rw.o
 .debug_loc     0x0000000000004dac      0xab4 obj/kern/mmutils.o
 .debug_loc     0x0000000000005860      0x6c0 obj/kern/pmaputils.o
 .debug_loc     0x0000000000005f20      0x120 obj/kern/disasm/disasm.o
 .debug_loc     0x0000000000006040      0x1e0 obj/kern/mpconfig.o
 .debug_loc     0x0000000000006220      0x2a0 obj/kern/lapic.o
 .debug_loc     0x00000000000064c0      0x240 obj/kern/spinlock.o

.comment        0x0000000000000000       0x29
 .comment       0x0000000000000000       0x29 obj/kern/init.o
                                         0x2a (size before relaxing)
 .comment       0x0000000000000000       0x2a obj/kern/console.o
 .comment       0x0000000000000000       0x2a obj/kern/monitor.o
 .comment       0x0000000000000000       0x2a obj/kern/pmap.o
 .comment       0x0000000000000000       0x2a obj/kern/env.o
 .comment       0x0000000000000000       0x2a obj/kern/kclock.o
 .comment       0x0000000000000000       0x2a obj/kern/picirq.o
 .comment       0x0000000000000000       0x2a obj/kern/printf.o
 .comment       0x0000000000000000       0x2a obj/kern/trap.o
 .comment       0x0000000000000000       0x2a obj/kern/sched.o
 .comment       0x0000000000000000       0x2a obj/kern/syscall.o
 .comment       0x0000000000000000       0x2a obj/kern/kdebug.o
 .comment       0x0000000000000000       0x2a obj/kern/printfmt.o
 .comment       0x0000000000000000       0x2a obj/kern/readline.o
 .comment       0x0000000000000000       0x2a obj/kern/string.o
 .comment       0x0000000000000000       0x2a obj/kern/libdwarf_rw.o
 .comment       0x0000000000000000       0x2a obj/kern/libdwarf_frame.o
 .comment       0x0000000000000000       0x2a obj/kern/libdwarf_lineno.o
 .comment       0x0000000000000000       0x2a obj/kern/elf_rw.o
 .comment       0x0000000000000000       0x2a obj/kern/mmutils.o
 .comment       0x0000000000000000       0x2a obj/kern/pmaputils.o
 .comment       0x0000000000000000       0x2a obj/kern/disasm/disasm.o
 .comment       0x0000000000000000       0x2a obj/kern/mpconfig.o
 .comment       0x0000000000000000       0x2a obj/kern/lapic.o
 .comment       0x0000000000000000       0x2a obj/kern/spinlock.o

.debug_macinfo
 *(.debug_macinfo)

.debug_weaknames
 *(.debug_weaknames)

.debug_funcnames
 *(.debug_funcnames)

.debug_typenames
 *(.debug_typenames)

.debug_varnames
 *(.debug_varnames)

/DISCARD/
 *(.note.GNU-stack)
LOAD obj/kern/entry.o
LOAD obj/kern/bootstrap.o
LOAD obj/kern/init.o
LOAD obj/kern/console.o
LOAD obj/kern/monitor.o
LOAD obj/kern/pmap.o
LOAD obj/kern/env.o
LOAD obj/kern/kclock.o
LOAD obj/kern/picirq.o
LOAD obj/kern/printf.o
LOAD obj/kern/trap.o
LOAD obj/kern/trapentry.o
LOAD obj/kern/sched.o
LOAD obj/kern/syscall.o
LOAD obj/kern/kdebug.o
LOAD obj/kern/printfmt.o
LOAD obj/kern/readline.o
LOAD obj/kern/string.o
LOAD obj/kern/libdwarf_rw.o
LOAD obj/kern/libdwarf_frame.o
LOAD obj/kern/libdwarf_lineno.o
LOAD obj/kern/elf_rw.o
LOAD obj/kern/mmutils.o
LOAD obj/kern/pmaputils.o
LOAD obj/kern/disasm/disasm.o
LOAD obj/kern/mpentry.o
LOAD obj/kern/mpconfig.o
LOAD obj/kern/lapic.o
LOAD obj/kern/spinlock.o
LOAD /usr/lib/gcc/x86_64-linux-gnu/4.8/libgcc.a
TARGET(binary)
LOAD obj/user/hello
LOAD obj/user/idle
LOAD obj/user/yield
LOAD obj/user/dumbfork
LOAD obj/user/stresssched
LOAD obj/user/faultdie
LOAD obj/user/faultregs
LOAD obj/user/faultalloc
LOAD obj/user/faultallocbad
LOAD obj/user/faultnostack
LOAD obj/user/faultbadhandler
LOAD obj/user/faultevilhandler
LOAD obj/user/forktree
LOAD obj/user/sendpage
LOAD obj/user/spin
LOAD obj/user/fairness
LOAD obj/user/pingpong
LOAD obj/user/pingpongs
LOAD obj/user/primes
LOAD obj/user/testfile
LOAD obj/user/writemotd
LOAD obj/user/spawnhello
LOAD obj/user/icode
LOAD obj/fs/fs
LOAD obj/user/testpteshare
LOAD obj/user/testfdsharing
LOAD obj/user/testpipe
LOAD obj/user/testpiperace
LOAD obj/user/testpiperace2
LOAD obj/user/primespipe
LOAD obj/user/testkbd
LOAD obj/user/testshell
LOAD obj/user/fputest
LOAD obj/user/snapshottest
LOAD obj/user/ehandlertest
LOAD obj/user/forktest
LOAD obj/user/printa
LOAD obj/user/printb
LOAD obj/user/printd
LOAD obj/user/matrix
LOAD obj/user/powerseries
OUTPUT(obj/kern/kernel elf64-x86-64)
